Saturday, March 21, 12:48:51, 2009

                    Generalplus u'nSP Linker version 1.14.13.6 (enc)
                    -------------------------------------------

Global Symbol Name                                Global Value     Global Filename
***********************************************************************************************************************************************************************************************************************************************************************************************************
_RESET                                                   8009      "C:\Program Files\Generalplus\unSPIDE 3.0.4\startupcode\startupD.obj"
__sn_loop                                                8025      "C:\Program Files\Generalplus\unSPIDE 3.0.4\startupcode\startupD.obj"
__sn_loop2                                               8024      "C:\Program Files\Generalplus\unSPIDE 3.0.4\startupcode\startupD.obj"
__sn_init_table                                          8000      "Linker internal symbol"
__sn_sp_val                                              7FF       "Linker internal symbol"
_RES_Table                                               8026      "D:\WorkingFolder\Library_Release\SACMV41b_Beta\GPCE063A_Example_V41b\GPCE063A Example Code\S530\Debug\Resource.obj"
_RES_D2_S53_SA                                           8026      "D:\WorkingFolder\Library_Release\SACMV41b_Beta\GPCE063A_Example_V41b\GPCE063A Example Code\S530\Debug\Resource.obj"
_RES_D2_S53_EA                                           8028      "D:\WorkingFolder\Library_Release\SACMV41b_Beta\GPCE063A_Example_V41b\GPCE063A Example Code\S530\Debug\Resource.obj"
_RES_D1_S53_SA                                           802A      "D:\WorkingFolder\Library_Release\SACMV41b_Beta\GPCE063A_Example_V41b\GPCE063A Example Code\S530\Debug\Resource.obj"
_RES_D1_S53_EA                                           802C      "D:\WorkingFolder\Library_Release\SACMV41b_Beta\GPCE063A_Example_V41b\GPCE063A Example Code\S530\Debug\Resource.obj"
T_SACM_S530_SpeechTable                                  802E      "D:\WorkingFolder\Library_Release\SACMV41b_Beta\GPCE063A_Example_V41b\GPCE063A Example Code\S530\Debug\Resource.obj"
_BREAK                                                   804D      "D:\WorkingFolder\Library_Release\SACMV41b_Beta\GPCE063A_Example_V41b\GPCE063A Example Code\S530\Debug\Isr.obj"
_FIQ                                                     8030      "D:\WorkingFolder\Library_Release\SACMV41b_Beta\GPCE063A_Example_V41b\GPCE063A Example Code\S530\Debug\Isr.obj"
_IRQ0                                                    8050      "D:\WorkingFolder\Library_Release\SACMV41b_Beta\GPCE063A_Example_V41b\GPCE063A Example Code\S530\Debug\Isr.obj"
_IRQ1                                                    8053      "D:\WorkingFolder\Library_Release\SACMV41b_Beta\GPCE063A_Example_V41b\GPCE063A Example Code\S530\Debug\Isr.obj"
_IRQ2                                                    8056      "D:\WorkingFolder\Library_Release\SACMV41b_Beta\GPCE063A_Example_V41b\GPCE063A Example Code\S530\Debug\Isr.obj"
_IRQ3                                                    8059      "D:\WorkingFolder\Library_Release\SACMV41b_Beta\GPCE063A_Example_V41b\GPCE063A Example Code\S530\Debug\Isr.obj"
_IRQ4                                                    805C      "D:\WorkingFolder\Library_Release\SACMV41b_Beta\GPCE063A_Example_V41b\GPCE063A Example Code\S530\Debug\Isr.obj"
_IRQ5                                                    805F      "D:\WorkingFolder\Library_Release\SACMV41b_Beta\GPCE063A_Example_V41b\GPCE063A Example Code\S530\Debug\Isr.obj"
_IRQ6                                                    8062      "D:\WorkingFolder\Library_Release\SACMV41b_Beta\GPCE063A_Example_V41b\GPCE063A Example Code\S530\Debug\Isr.obj"
_IRQ7                                                    8065      "D:\WorkingFolder\Library_Release\SACMV41b_Beta\GPCE063A_Example_V41b\GPCE063A Example Code\S530\Debug\Isr.obj"
_main                                                    9AB7      "D:\WorkingFolder\Library_Release\SACMV41b_Beta\GPCE063A_Example_V41b\GPCE063A Example Code\S530\Debug\main.obj"
_Key                                                     1AE       "D:\WorkingFolder\Library_Release\SACMV41b_Beta\GPCE063A_Example_V41b\GPCE063A Example Code\S530\Debug\main.obj"
_SpeechIndex                                             1AF       "D:\WorkingFolder\Library_Release\SACMV41b_Beta\GPCE063A_Example_V41b\GPCE063A Example Code\S530\Debug\main.obj"
_VolumeIndex                                             1B0       "D:\WorkingFolder\Library_Release\SACMV41b_Beta\GPCE063A_Example_V41b\GPCE063A Example Code\S530\Debug\main.obj"
_DAC_FIR_Type                                            1B1       "D:\WorkingFolder\Library_Release\SACMV41b_Beta\GPCE063A_Example_V41b\GPCE063A Example Code\S530\Debug\main.obj"
_PauseFlag                                               1B2       "D:\WorkingFolder\Library_Release\SACMV41b_Beta\GPCE063A_Example_V41b\GPCE063A Example Code\S530\Debug\main.obj"
_PlayCon                                                 1B3       "D:\WorkingFolder\Library_Release\SACMV41b_Beta\GPCE063A_Example_V41b\GPCE063A Example Code\S530\Debug\main.obj"
_System_Initial                                          9CF2      "D:\WorkingFolder\Library_Release\SACMV41b_Beta\GPCE063A_Example_V41b\GPCE063A Example Code\S530\Debug\System.obj"
F_System_Initial                                         9CF2      "D:\WorkingFolder\Library_Release\SACMV41b_Beta\GPCE063A_Example_V41b\GPCE063A Example Code\S530\Debug\System.obj"
_System_ServiceLoop                                      9D14      "D:\WorkingFolder\Library_Release\SACMV41b_Beta\GPCE063A_Example_V41b\GPCE063A Example Code\S530\Debug\System.obj"
F_System_ServiceLoop                                     9D14      "D:\WorkingFolder\Library_Release\SACMV41b_Beta\GPCE063A_Example_V41b\GPCE063A Example Code\S530\Debug\System.obj"
_WatchdogClear                                           9D0F      "D:\WorkingFolder\Library_Release\SACMV41b_Beta\GPCE063A_Example_V41b\GPCE063A Example Code\S530\Debug\System.obj"
F_WatchdogClear                                          9D0F      "D:\WorkingFolder\Library_Release\SACMV41b_Beta\GPCE063A_Example_V41b\GPCE063A Example Code\S530\Debug\System.obj"
_SP_GetCh                                                9D4E      "D:\WorkingFolder\Library_Release\SACMV41b_Beta\GPCE063A_Example_V41b\GPCE063A Example Code\S530\Debug\System.obj"
F_SP_GetCh                                               9D4E      "D:\WorkingFolder\Library_Release\SACMV41b_Beta\GPCE063A_Example_V41b\GPCE063A Example Code\S530\Debug\System.obj"
_SP_SwitchChannel                                        9CD6      "D:\WorkingFolder\Library_Release\SACMV41b_Beta\GPCE063A_Example_V41b\GPCE063A Example Code\S530\Debug\System.obj"
F_SP_SwitchChannel                                       9CD9      "D:\WorkingFolder\Library_Release\SACMV41b_Beta\GPCE063A_Example_V41b\GPCE063A Example Code\S530\Debug\System.obj"
_SP_RampUpDAC1                                           9D74      "D:\WorkingFolder\Library_Release\SACMV41b_Beta\GPCE063A_Example_V41b\GPCE063A Example Code\S530\Debug\System.obj"
F_SP_RampUpDAC1                                          9D74      "D:\WorkingFolder\Library_Release\SACMV41b_Beta\GPCE063A_Example_V41b\GPCE063A Example Code\S530\Debug\System.obj"
_SP_RampDnDAC1                                           9D54      "D:\WorkingFolder\Library_Release\SACMV41b_Beta\GPCE063A_Example_V41b\GPCE063A Example Code\S530\Debug\System.obj"
F_SP_RampDnDAC1                                          9D54      "D:\WorkingFolder\Library_Release\SACMV41b_Beta\GPCE063A_Example_V41b\GPCE063A Example Code\S530\Debug\System.obj"
_SP_RampUpDAC2                                           9D91      "D:\WorkingFolder\Library_Release\SACMV41b_Beta\GPCE063A_Example_V41b\GPCE063A Example Code\S530\Debug\System.obj"
F_SP_RampUpDAC2                                          9D91      "D:\WorkingFolder\Library_Release\SACMV41b_Beta\GPCE063A_Example_V41b\GPCE063A Example Code\S530\Debug\System.obj"
_SP_RampDnDAC2                                           9D71      "D:\WorkingFolder\Library_Release\SACMV41b_Beta\GPCE063A_Example_V41b\GPCE063A Example Code\S530\Debug\System.obj"
F_SP_RampDnDAC2                                          9D71      "D:\WorkingFolder\Library_Release\SACMV41b_Beta\GPCE063A_Example_V41b\GPCE063A Example Code\S530\Debug\System.obj"
_USER_S530_SetStartAddr                                  9DD1      "D:\WorkingFolder\Library_Release\SACMV41b_Beta\GPCE063A_Example_V41b\GPCE063A Example Code\S530\Debug\SACM_S530_User.obj"
F_USER_S530_SetStartAddr                                 9DD4      "D:\WorkingFolder\Library_Release\SACMV41b_Beta\GPCE063A_Example_V41b\GPCE063A Example Code\S530\Debug\SACM_S530_User.obj"
_USER_S530_SetStartAddr_Con                              9DE3      "D:\WorkingFolder\Library_Release\SACMV41b_Beta\GPCE063A_Example_V41b\GPCE063A Example Code\S530\Debug\SACM_S530_User.obj"
F_USER_S530_SetStartAddr_Con                             9DE7      "D:\WorkingFolder\Library_Release\SACMV41b_Beta\GPCE063A_Example_V41b\GPCE063A Example Code\S530\Debug\SACM_S530_User.obj"
F_USER_S530_GetData                                      9DFF      "D:\WorkingFolder\Library_Release\SACMV41b_Beta\GPCE063A_Example_V41b\GPCE063A Example Code\S530\Debug\SACM_S530_User.obj"
_USER_S530_Volume                                        9DB4      "D:\WorkingFolder\Library_Release\SACMV41b_Beta\GPCE063A_Example_V41b\GPCE063A Example Code\S530\Debug\SACM_S530_User.obj"
F_USER_S530_Volume                                       9DB7      "D:\WorkingFolder\Library_Release\SACMV41b_Beta\GPCE063A_Example_V41b\GPCE063A Example Code\S530\Debug\SACM_S530_User.obj"
F_SACM_S530_SendDAC1                                     9DC9      "D:\WorkingFolder\Library_Release\SACMV41b_Beta\GPCE063A_Example_V41b\GPCE063A Example Code\S530\Debug\SACM_S530_User.obj"
F_SACM_S530_SendDAC2                                     9DCC      "D:\WorkingFolder\Library_Release\SACMV41b_Beta\GPCE063A_Example_V41b\GPCE063A Example Code\S530\Debug\SACM_S530_User.obj"
F_SACM_S530_StartPlay                                    9DCD      "D:\WorkingFolder\Library_Release\SACMV41b_Beta\GPCE063A_Example_V41b\GPCE063A Example Code\S530\Debug\SACM_S530_User.obj"
F_SACM_S530_EndPlay                                      9DCF      "D:\WorkingFolder\Library_Release\SACMV41b_Beta\GPCE063A_Example_V41b\GPCE063A Example Code\S530\Debug\SACM_S530_User.obj"
F_SACM_S530_Init_                                        9D99      "D:\WorkingFolder\Library_Release\SACMV41b_Beta\GPCE063A_Example_V41b\GPCE063A Example Code\S530\Debug\SACM_S530_User.obj"
F_SACM_S530_DAC_Timer_X1                                 9DBD      "D:\WorkingFolder\Library_Release\SACMV41b_Beta\GPCE063A_Example_V41b\GPCE063A Example Code\S530\Debug\SACM_S530_User.obj"
F_SACM_S530_DAC_Timer_X2                                 9DC2      "D:\WorkingFolder\Library_Release\SACMV41b_Beta\GPCE063A_Example_V41b\GPCE063A Example Code\S530\Debug\SACM_S530_User.obj"
F_SACM_S530_GetStartAddr_Con                             9DF6      "D:\WorkingFolder\Library_Release\SACMV41b_Beta\GPCE063A_Example_V41b\GPCE063A Example Code\S530\Debug\SACM_S530_User.obj"
_SPI_Initial                                             973F      "D:\WorkingFolder\Library_Release\SACMV41b_Beta\GPCE063A_Example_V41b\GPCE063A Example Code\S530\Debug\SPI_Flash_CE063.obj"
F_SPI_Initial                                            973F      "D:\WorkingFolder\Library_Release\SACMV41b_Beta\GPCE063A_Example_V41b\GPCE063A Example Code\S530\Debug\SPI_Flash_CE063.obj"
_SPI_ReadAWord                                           9785      "D:\WorkingFolder\Library_Release\SACMV41b_Beta\GPCE063A_Example_V41b\GPCE063A Example Code\S530\Debug\SPI_Flash_CE063.obj"
F_SPI_ReadAWord                                          9789      "D:\WorkingFolder\Library_Release\SACMV41b_Beta\GPCE063A_Example_V41b\GPCE063A Example Code\S530\Debug\SPI_Flash_CE063.obj"
_SPI_ReadNWords                                          97BA      "D:\WorkingFolder\Library_Release\SACMV41b_Beta\GPCE063A_Example_V41b\GPCE063A Example Code\S530\Debug\SPI_Flash_CE063.obj"
F_SPI_ReadNWords                                         97C0      "D:\WorkingFolder\Library_Release\SACMV41b_Beta\GPCE063A_Example_V41b\GPCE063A Example Code\S530\Debug\SPI_Flash_CE063.obj"
_SPI_SendAWord                                           97F4      "D:\WorkingFolder\Library_Release\SACMV41b_Beta\GPCE063A_Example_V41b\GPCE063A Example Code\S530\Debug\SPI_Flash_CE063.obj"
F_SPI_SendAWord                                          97F9      "D:\WorkingFolder\Library_Release\SACMV41b_Beta\GPCE063A_Example_V41b\GPCE063A Example Code\S530\Debug\SPI_Flash_CE063.obj"
_SPI_SendNWords                                          982B      "D:\WorkingFolder\Library_Release\SACMV41b_Beta\GPCE063A_Example_V41b\GPCE063A Example Code\S530\Debug\SPI_Flash_CE063.obj"
F_SPI_SendNWords                                         9831      "D:\WorkingFolder\Library_Release\SACMV41b_Beta\GPCE063A_Example_V41b\GPCE063A Example Code\S530\Debug\SPI_Flash_CE063.obj"
_Flash_Write_Enable                                      9879      "D:\WorkingFolder\Library_Release\SACMV41b_Beta\GPCE063A_Example_V41b\GPCE063A Example Code\S530\Debug\SPI_Flash_CE063.obj"
F_Flash_Write_Enable                                     9879      "D:\WorkingFolder\Library_Release\SACMV41b_Beta\GPCE063A_Example_V41b\GPCE063A Example Code\S530\Debug\SPI_Flash_CE063.obj"
_Flash_Write_Disable                                     988C      "D:\WorkingFolder\Library_Release\SACMV41b_Beta\GPCE063A_Example_V41b\GPCE063A Example Code\S530\Debug\SPI_Flash_CE063.obj"
F_Flash_Write_Disable                                    988C      "D:\WorkingFolder\Library_Release\SACMV41b_Beta\GPCE063A_Example_V41b\GPCE063A Example Code\S530\Debug\SPI_Flash_CE063.obj"
_SPI_Read_Status_Register                                989C      "D:\WorkingFolder\Library_Release\SACMV41b_Beta\GPCE063A_Example_V41b\GPCE063A Example Code\S530\Debug\SPI_Flash_CE063.obj"
F_SPI_Read_Status_Register                               989C      "D:\WorkingFolder\Library_Release\SACMV41b_Beta\GPCE063A_Example_V41b\GPCE063A Example Code\S530\Debug\SPI_Flash_CE063.obj"
_SPI_Enable_Write_Status_Registe                         98AF      "D:\WorkingFolder\Library_Release\SACMV41b_Beta\GPCE063A_Example_V41b\GPCE063A Example Code\S530\Debug\SPI_Flash_CE063.obj"
F_SPI_Enable_Write_Status_Regist                         98AF      "D:\WorkingFolder\Library_Release\SACMV41b_Beta\GPCE063A_Example_V41b\GPCE063A Example Code\S530\Debug\SPI_Flash_CE063.obj"
_SPI_Write_Status_Register                               98BF      "D:\WorkingFolder\Library_Release\SACMV41b_Beta\GPCE063A_Example_V41b\GPCE063A Example Code\S530\Debug\SPI_Flash_CE063.obj"
F_SPI_Write_Status_Register                              98C2      "D:\WorkingFolder\Library_Release\SACMV41b_Beta\GPCE063A_Example_V41b\GPCE063A Example Code\S530\Debug\SPI_Flash_CE063.obj"
_SPI_Flash_Sector_Erase                                  98D6      "D:\WorkingFolder\Library_Release\SACMV41b_Beta\GPCE063A_Example_V41b\GPCE063A Example Code\S530\Debug\SPI_Flash_CE063.obj"
F_SPI_Flash_Sector_Erase                                 98D9      "D:\WorkingFolder\Library_Release\SACMV41b_Beta\GPCE063A_Example_V41b\GPCE063A Example Code\S530\Debug\SPI_Flash_CE063.obj"
_SPI_Flash_Chip_Erase                                    9906      "D:\WorkingFolder\Library_Release\SACMV41b_Beta\GPCE063A_Example_V41b\GPCE063A Example Code\S530\Debug\SPI_Flash_CE063.obj"
F_SPI_Flash_Chip_Erase                                   9906      "D:\WorkingFolder\Library_Release\SACMV41b_Beta\GPCE063A_Example_V41b\GPCE063A Example Code\S530\Debug\SPI_Flash_CE063.obj"
_SPI_Read_Flash_ID                                       9921      "D:\WorkingFolder\Library_Release\SACMV41b_Beta\GPCE063A_Example_V41b\GPCE063A Example Code\S530\Debug\SPI_Flash_CE063.obj"
F_SPI_Read_Flash_ID                                      9921      "D:\WorkingFolder\Library_Release\SACMV41b_Beta\GPCE063A_Example_V41b\GPCE063A Example Code\S530\Debug\SPI_Flash_CE063.obj"
__RES_D2_S53_sa                                          9E97      "D:\WorkingFolder\Library_Release\SACMV41b_Beta\GPCE063A_Example_V41b\GPCE063A Example Code\S530\Debug\d2_s53.res"
__RES_D2_S53_ea                                          A62D      "D:\WorkingFolder\Library_Release\SACMV41b_Beta\GPCE063A_Example_V41b\GPCE063A Example Code\S530\Debug\d2_s53.res"
__RES_D1_S53_sa                                          A62D      "D:\WorkingFolder\Library_Release\SACMV41b_Beta\GPCE063A_Example_V41b\GPCE063A Example Code\S530\Debug\d1_s53.res"
__RES_D1_S53_ea                                          AAE9      "D:\WorkingFolder\Library_Release\SACMV41b_Beta\GPCE063A_Example_V41b\GPCE063A Example Code\S530\Debug\d1_s53.res"
***********************************************************************************************************************************************************************************************************************************************************************************************************

***********************************************************************************************************************************************************************************************************************************************************************************************************
*                             S E C T I O N     S U M M A R Y                                                                                                                                                                                                                                             *
***********************************************************************************************************************************************************************************************************************************************************************************************************
*     Section Name                                       Startting Address   Ending Address      Size                                                                                                                                                                                                     *
***********************************************************************************************************************************************************************************************************************************************************************************************************
* "C:\Program Files\Generalplus\unSPIDE 3.0.4\startupcode\startupD.obj"                                                                                                                                                                                                                                   *
*    DEBUG                                               ----                ----                ----                                                                                                                                                                                                     *
*    CODE                                                ----                ----                ----                                                                                                                                                                                                     *
*    DATA                                                ----                ----                ----                                                                                                                                                                                                     *
*    TEXT                                                ----                ----                ----                                                                                                                                                                                                     *
*    IRAM                                                ----                ----                ----                                                                                                                                                                                                     *
*    ISRAM                                               ----                ----                ----                                                                                                                                                                                                     *
*    RAM                                                 ----                ----                ----                                                                                                                                                                                                     *
*    SRAM                                                ----                ----                ----                                                                                                                                                                                                     *
*    ORAM                                                ----                ----                ----                                                                                                                                                                                                     *
*    OSRAM                                               ----                ----                ----                                                                                                                                                                                                     *
*    NB_DATA                                             ----                ----                ----                                                                                                                                                                                                     *
*    CTOR                                                ----                ----                ----                                                                                                                                                                                                     *
*    DTOR                                                ----                ----                ----                                                                                                                                                                                                     *
*    IM                                                  ----                ----                ----                                                                                                                                                                                                     *
*    LINKONCE                                            ----                ----                ----                                                                                                                                                                                                     *
*    VTBL                                                ----                ----                ----                                                                                                                                                                                                     *
*    NB_MERGE                                            ----                ----                ----                                                                                                                                                                                                     *
*    unSP_StartUp(TEXT)                                  8009                8025                1D                                                                                                                                                                                                       *
* "D:\WorkingFolder\Library_Release\SACMV41b_Beta\GPCE063A_Example_V41b\GPCE063A Example Code\S530\Debug\Resource.obj"
*    DEBUG                                               ----                ----                ----                                                                                                                                                                                                     *
*    CODE                                                ----                ----                ----                                                                                                                                                                                                     *
*    DATA                                                ----                ----                ----                                                                                                                                                                                                     *
*    TEXT                                                8026                802F                A                                                                                                                                                                                                        *
*    IRAM                                                ----                ----                ----                                                                                                                                                                                                     *
*    ISRAM                                               ----                ----                ----                                                                                                                                                                                                     *
*    RAM                                                 ----                ----                ----                                                                                                                                                                                                     *
*    SRAM                                                ----                ----                ----                                                                                                                                                                                                     *
*    ORAM                                                ----                ----                ----                                                                                                                                                                                                     *
*    OSRAM                                               ----                ----                ----                                                                                                                                                                                                     *
*    NB_DATA                                             ----                ----                ----                                                                                                                                                                                                     *
*    CTOR                                                ----                ----                ----                                                                                                                                                                                                     *
*    DTOR                                                ----                ----                ----                                                                                                                                                                                                     *
*    IM                                                  ----                ----                ----                                                                                                                                                                                                     *
*    LINKONCE                                            ----                ----                ----                                                                                                                                                                                                     *
*    VTBL                                                ----                ----                ----                                                                                                                                                                                                     *
*    NB_MERGE                                            ----                ----                ----                                                                                                                                                                                                     *
*    RAM_BANK0                                           ----                ----                ----                                                                                                                                                                                                     *
*    IRAM_BANK0                                          ----                ----                ----                                                                                                                                                                                                     *
*    ORAM_BANK0                                          ----                ----                ----                                                                                                                                                                                                     *
* "D:\WorkingFolder\Library_Release\SACMV41b_Beta\GPCE063A_Example_V41b\GPCE063A Example Code\S530\Debug\Isr.obj"
*    DEBUG                                               ----                ----                ----                                                                                                                                                                                                     *
*    CODE                                                ----                ----                ----                                                                                                                                                                                                     *
*    DATA                                                ----                ----                ----                                                                                                                                                                                                     *
*    TEXT                                                8030                8067                38                                                                                                                                                                                                       *
*    IRAM                                                ----                ----                ----                                                                                                                                                                                                     *
*    ISRAM                                               ----                ----                ----                                                                                                                                                                                                     *
*    RAM                                                 ----                ----                ----                                                                                                                                                                                                     *
*    SRAM                                                ----                ----                ----                                                                                                                                                                                                     *
*    ORAM                                                ----                ----                ----                                                                                                                                                                                                     *
*    OSRAM                                               ----                ----                ----                                                                                                                                                                                                     *
*    NB_DATA                                             ----                ----                ----                                                                                                                                                                                                     *
*    CTOR                                                ----                ----                ----                                                                                                                                                                                                     *
*    DTOR                                                ----                ----                ----                                                                                                                                                                                                     *
*    IM                                                  ----                ----                ----                                                                                                                                                                                                     *
*    LINKONCE                                            ----                ----                ----                                                                                                                                                                                                     *
*    VTBL                                                ----                ----                ----                                                                                                                                                                                                     *
*    NB_MERGE                                            ----                ----                ----                                                                                                                                                                                                     *
*    RAM_BANK0                                           ----                ----                ----                                                                                                                                                                                                     *
*    IRAM_BANK0                                          ----                ----                ----                                                                                                                                                                                                     *
*    ORAM_BANK0                                          ----                ----                ----                                                                                                                                                                                                     *
* "D:\WorkingFolder\Library_Release\SACMV41b_Beta\GPCE063A_Example_V41b\GPCE063A Example Code\S530\Debug\main.obj"
*    DEBUG                                               ----                ----                ----                                                                                                                                                                                                     *
*    CODE                                                9AB7                9BD5                11F                                                                                                                                                                                                      *
*    DATA                                                ----                ----                ----                                                                                                                                                                                                     *
*    TEXT                                                ----                ----                ----                                                                                                                                                                                                     *
*    IRAM                                                9E91(1AE)           9E96(1B3)           6                                                                                                                                                                                                        *
*    ISRAM                                               ----                ----                ----                                                                                                                                                                                                     *
*    RAM                                                 ----                ----                ----                                                                                                                                                                                                     *
*    SRAM                                                ----                ----                ----                                                                                                                                                                                                     *
*    ORAM                                                ----                ----                ----                                                                                                                                                                                                     *
*    OSRAM                                               ----                ----                ----                                                                                                                                                                                                     *
*    NB_DATA                                             ----                ----                ----                                                                                                                                                                                                     *
*    CTOR                                                ----                ----                ----                                                                                                                                                                                                     *
*    DTOR                                                ----                ----                ----                                                                                                                                                                                                     *
*    IM                                                  ----                ----                ----                                                                                                                                                                                                     *
*    LINKONCE                                            ----                ----                ----                                                                                                                                                                                                     *
*    VTBL                                                ----                ----                ----                                                                                                                                                                                                     *
*    NB_MERGE                                            ----                ----                ----                                                                                                                                                                                                     *
*    RAM_BANK0                                           ----                ----                ----                                                                                                                                                                                                     *
*    IRAM_BANK0                                          ----                ----                ----                                                                                                                                                                                                     *
*    ORAM_BANK0                                          ----                ----                ----                                                                                                                                                                                                     *
* "D:\WorkingFolder\Library_Release\SACMV41b_Beta\GPCE063A_Example_V41b\GPCE063A Example Code\S530\Debug\System.obj"
*    DEBUG                                               ----                ----                ----                                                                                                                                                                                                     *
*    CODE                                                9CD6                9D98                C3                                                                                                                                                                                                       *
*    DATA                                                ----                ----                ----                                                                                                                                                                                                     *
*    TEXT                                                ----                ----                ----                                                                                                                                                                                                     *
*    IRAM                                                ----                ----                ----                                                                                                                                                                                                     *
*    ISRAM                                               ----                ----                ----                                                                                                                                                                                                     *
*    RAM                                                 1A6                 1A9                 4                                                                                                                                                                                                        *
*    SRAM                                                ----                ----                ----                                                                                                                                                                                                     *
*    ORAM                                                ----                ----                ----                                                                                                                                                                                                     *
*    OSRAM                                               ----                ----                ----                                                                                                                                                                                                     *
*    NB_DATA                                             ----                ----                ----                                                                                                                                                                                                     *
*    CTOR                                                ----                ----                ----                                                                                                                                                                                                     *
*    DTOR                                                ----                ----                ----                                                                                                                                                                                                     *
*    IM                                                  ----                ----                ----                                                                                                                                                                                                     *
*    LINKONCE                                            ----                ----                ----                                                                                                                                                                                                     *
*    VTBL                                                ----                ----                ----                                                                                                                                                                                                     *
*    NB_MERGE                                            ----                ----                ----                                                                                                                                                                                                     *
*    RAM_BANK0                                           ----                ----                ----                                                                                                                                                                                                     *
*    IRAM_BANK0                                          ----                ----                ----                                                                                                                                                                                                     *
*    ORAM_BANK0                                          ----                ----                ----                                                                                                                                                                                                     *
* "D:\WorkingFolder\Library_Release\SACMV41b_Beta\GPCE063A_Example_V41b\GPCE063A Example Code\S530\Debug\SACM_S530_User.obj"
*    DEBUG                                               ----                ----                ----                                                                                                                                                                                                     *
*    CODE                                                9D99                9E16                7E                                                                                                                                                                                                       *
*    DATA                                                ----                ----                ----                                                                                                                                                                                                     *
*    TEXT                                                8068                8077                10                                                                                                                                                                                                       *
*    IRAM                                                ----                ----                ----                                                                                                                                                                                                     *
*    ISRAM                                               ----                ----                ----                                                                                                                                                                                                     *
*    RAM                                                 1AA                 1AD                 4                                                                                                                                                                                                        *
*    SRAM                                                ----                ----                ----                                                                                                                                                                                                     *
*    ORAM                                                ----                ----                ----                                                                                                                                                                                                     *
*    OSRAM                                               ----                ----                ----                                                                                                                                                                                                     *
*    NB_DATA                                             ----                ----                ----                                                                                                                                                                                                     *
*    CTOR                                                ----                ----                ----                                                                                                                                                                                                     *
*    DTOR                                                ----                ----                ----                                                                                                                                                                                                     *
*    IM                                                  ----                ----                ----                                                                                                                                                                                                     *
*    LINKONCE                                            ----                ----                ----                                                                                                                                                                                                     *
*    VTBL                                                ----                ----                ----                                                                                                                                                                                                     *
*    NB_MERGE                                            ----                ----                ----                                                                                                                                                                                                     *
*    RAM_BANK0                                           ----                ----                ----                                                                                                                                                                                                     *
*    IRAM_BANK0                                          ----                ----                ----                                                                                                                                                                                                     *
*    ORAM_BANK0                                          ----                ----                ----                                                                                                                                                                                                     *
* "D:\WorkingFolder\Library_Release\SACMV41b_Beta\GPCE063A_Example_V41b\GPCE063A Example Code\S530\Debug\SPI_Flash_CE063.obj"
*    DEBUG                                               ----                ----                ----                                                                                                                                                                                                     *
*    CODE                                                973F                9942                204                                                                                                                                                                                                      *
*    DATA                                                ----                ----                ----                                                                                                                                                                                                     *
*    TEXT                                                ----                ----                ----                                                                                                                                                                                                     *
*    IRAM                                                ----                ----                ----                                                                                                                                                                                                     *
*    ISRAM                                               ----                ----                ----                                                                                                                                                                                                     *
*    RAM                                                 ----                ----                ----                                                                                                                                                                                                     *
*    SRAM                                                ----                ----                ----                                                                                                                                                                                                     *
*    ORAM                                                ----                ----                ----                                                                                                                                                                                                     *
*    OSRAM                                               ----                ----                ----                                                                                                                                                                                                     *
*    NB_DATA                                             ----                ----                ----                                                                                                                                                                                                     *
*    CTOR                                                ----                ----                ----                                                                                                                                                                                                     *
*    DTOR                                                ----                ----                ----                                                                                                                                                                                                     *
*    IM                                                  ----                ----                ----                                                                                                                                                                                                     *
*    LINKONCE                                            ----                ----                ----                                                                                                                                                                                                     *
*    VTBL                                                ----                ----                ----                                                                                                                                                                                                     *
*    NB_MERGE                                            ----                ----                ----                                                                                                                                                                                                     *
*    RAM_BANK0                                           ----                ----                ----                                                                                                                                                                                                     *
*    IRAM_BANK0                                          ----                ----                ----                                                                                                                                                                                                     *
*    ORAM_BANK0                                          ----                ----                ----                                                                                                                                                                                                     *
* "D:\WorkingFolder\Library_Release\SACMV41b_Beta\GPCE063A_Example_V41b\GPCE063A Example Code\S530\Debug\d2_s53.res"
*    __sn_section_RES_D2_S53(DATA)                       9E97                A62C                796                                                                                                                                                                                                      *
* "D:\WorkingFolder\Library_Release\SACMV41b_Beta\GPCE063A_Example_V41b\GPCE063A Example Code\S530\Debug\d1_s53.res"
*    __sn_section_RES_D1_S53(DATA)                       A62D                AAE8                4BC                                                                                                                                                                                                      *
* "D:\WorkingFolder\Library_Source\SACM_V41b\LibMaker\S530\SACM_S530_API"                                                                                                                                                                                                                                 *
*    DEBUG                                               ----                ----                ----                                                                                                                                                                                                     *
*    CODE                                                9E17                9E90                7A                                                                                                                                                                                                       *
*    DATA                                                ----                ----                ----                                                                                                                                                                                                     *
*    TEXT                                                8078                817C                105                                                                                                                                                                                                      *
*    IRAM                                                ----                ----                ----                                                                                                                                                                                                     *
*    ISRAM                                               ----                ----                ----                                                                                                                                                                                                     *
*    RAM                                                 ----                ----                ----                                                                                                                                                                                                     *
*    SRAM                                                ----                ----                ----                                                                                                                                                                                                     *
*    ORAM                                                ----                ----                ----                                                                                                                                                                                                     *
*    OSRAM                                               ----                ----                ----                                                                                                                                                                                                     *
*    NB_DATA                                             ----                ----                ----                                                                                                                                                                                                     *
*    CTOR                                                ----                ----                ----                                                                                                                                                                                                     *
*    DTOR                                                ----                ----                ----                                                                                                                                                                                                     *
*    IM                                                  ----                ----                ----                                                                                                                                                                                                     *
*    LINKONCE                                            ----                ----                ----                                                                                                                                                                                                     *
*    VTBL                                                ----                ----                ----                                                                                                                                                                                                     *
*    NB_MERGE                                            ----                ----                ----                                                                                                                                                                                                     *
*    RAM_BANK0                                           ----                ----                ----                                                                                                                                                                                                     *
*    IRAM_BANK0                                          ----                ----                ----                                                                                                                                                                                                     *
*    ORAM_BANK0                                          ----                ----                ----                                                                                                                                                                                                     *
*    OVERLAP_S530_API_BLOCK(ORAM)                        1                   17                  17                                                                                                                                                                                                       *
*    SACM_S530_ROM_BLOCK(CODE)                           9943                9AB6                174                                                                                                                                                                                                      *
* "D:\WorkingFolder\Library_Source\SACM_V41b\LibMaker\S530\SACM_S530_Decode"                                                                                                                                                                                                                              *
*    DEBUG                                               ----                ----                ----                                                                                                                                                                                                     *
*    CODE                                                ----                ----                ----                                                                                                                                                                                                     *
*    DATA                                                ----                ----                ----                                                                                                                                                                                                     *
*    TEXT                                                ----                ----                ----                                                                                                                                                                                                     *
*    IRAM                                                ----                ----                ----                                                                                                                                                                                                     *
*    ISRAM                                               ----                ----                ----                                                                                                                                                                                                     *
*    RAM                                                 ----                ----                ----                                                                                                                                                                                                     *
*    SRAM                                                ----                ----                ----                                                                                                                                                                                                     *
*    ORAM                                                ----                ----                ----                                                                                                                                                                                                     *
*    OSRAM                                               ----                ----                ----                                                                                                                                                                                                     *
*    NB_DATA                                             ----                ----                ----                                                                                                                                                                                                     *
*    CTOR                                                ----                ----                ----                                                                                                                                                                                                     *
*    DTOR                                                ----                ----                ----                                                                                                                                                                                                     *
*    IM                                                  ----                ----                ----                                                                                                                                                                                                     *
*    LINKONCE                                            ----                ----                ----                                                                                                                                                                                                     *
*    VTBL                                                ----                ----                ----                                                                                                                                                                                                     *
*    NB_MERGE                                            ----                ----                ----                                                                                                                                                                                                     *
*    RAM_BANK0                                           ----                ----                ----                                                                                                                                                                                                     *
*    IRAM_BANK0                                          ----                ----                ----                                                                                                                                                                                                     *
*    ORAM_BANK0                                          ----                ----                ----                                                                                                                                                                                                     *
*    OVERLAP_S530_RAM_BLOCK(ORAM)                        18                  C1                  AA                                                                                                                                                                                                       *
*    SACM_S530_DECODE_ROM_BLOCK(CODE)                    9BD6                9CD5                100                                                                                                                                                                                                      *
* "D:\SPCB72~1\³Ì·sª©~3\DECODE~3\BACKGR~1\Debug\S530_K~1"                                                                                                                                                                                                                                                 *
*    DEBUG                                               ----                ----                ----                                                                                                                                                                                                     *
*    CODE                                                9245                973E                4FA                                                                                                                                                                                                      *
*    DATA                                                ----                ----                ----                                                                                                                                                                                                     *
*    TEXT                                                817D                9244                10C8                                                                                                                                                                                                     *
*    IRAM                                                ----                ----                ----                                                                                                                                                                                                     *
*    ISRAM                                               ----                ----                ----                                                                                                                                                                                                     *
*    RAM                                                 ----                ----                ----                                                                                                                                                                                                     *
*    SRAM                                                ----                ----                ----                                                                                                                                                                                                     *
*    ORAM                                                ----                ----                ----                                                                                                                                                                                                     *
*    OSRAM                                               ----                ----                ----                                                                                                                                                                                                     *
*    NB_DATA                                             ----                ----                ----                                                                                                                                                                                                     *
*    OVERLAP_S530_DM_BLOCK(ORAM)                         C2                  1A5                 E4                                                                                                                                                                                                       *
* "Init Table"                                           8000                8008                9                                                                                                                                                                                                        *
***********************************************************************************************************************************************************************************************************************************************************************************************************

***********************************************************************************************************************************************************************************************************************************************************************************************************
*                             M E M O R Y     S U M M A R Y                                                                                                                                                                                                                                               *
***********************************************************************************************************************************************************************************************************************************************************************************************************
*     Type                          Total               Using        Remain                                                                                                                                                                                                                               *
***********************************************************************************************************************************************************************************************************************************************************************************************************
* "SRam/OSRam/ISRam"                40                   0            40                                                                                                                                                                                                                                  *
* "Ram"                             800                  1B4          64C                                                                                                                                                                                                                                 *
* "First Bank Rom"                  7C00                 2AE9         5117                                                                                                                                                                                                                                *
* "Other Banks Rom"                 0                    0            0                                                                                                                                                                                                                                   *
***********************************************************************************************************************************************************************************************************************************************************************************************************

Linker Output Filename : D:\WorkingFolder\Library_Release\SACMV41b_Beta\GPCE063A_Example_V41b\GPCE063A Example Code\S530\Debug\SACM_S530.S37
Disk  Mapping Filename : D:\WorkingFolder\Library_Release\SACMV41b_Beta\GPCE063A_Example_V41b\GPCE063A Example Code\S530\Debug\SACM_S530.map
Symbol  Table FileName : D:\WorkingFolder\Library_Release\SACMV41b_Beta\GPCE063A_Example_V41b\GPCE063A Example Code\S530\Debug\SACM_S530.sym
Format :                 Microtek

Linker Errors :          0
Output Format :          S37
