Wednesday, May 20, 14:17:13, 2009

                    Generalplus u'nSP Linker version 1.14.13.6 (enc)
                    -------------------------------------------

Global Symbol Name                                Global Value     Global Filename
***********************************************************************************************************************************************************************************************************************************************************************************************************
_RESET                                                   8009      "C:\Program Files\Generalplus\unSPIDE 3.0.4\startupcode\startupD.obj"
__sn_loop                                                8025      "C:\Program Files\Generalplus\unSPIDE 3.0.4\startupcode\startupD.obj"
__sn_loop2                                               8024      "C:\Program Files\Generalplus\unSPIDE 3.0.4\startupcode\startupD.obj"
__sn_init_table                                          8000      "Linker internal symbol"
__sn_sp_val                                              7FF       "Linker internal symbol"
_RES_Table                                               8026      "D:\WorkingFolder\Library_Release\SACMV41b_Beta\GPCE063A_Example_V41b\GPCE063A Example Code\S480\Debug\Resource.obj"
_RES_D2_S72_SA                                           8026      "D:\WorkingFolder\Library_Release\SACMV41b_Beta\GPCE063A_Example_V41b\GPCE063A Example Code\S480\Debug\Resource.obj"
_RES_D2_S72_EA                                           8028      "D:\WorkingFolder\Library_Release\SACMV41b_Beta\GPCE063A_Example_V41b\GPCE063A Example Code\S480\Debug\Resource.obj"
_RES_D1_S72_SA                                           802A      "D:\WorkingFolder\Library_Release\SACMV41b_Beta\GPCE063A_Example_V41b\GPCE063A Example Code\S480\Debug\Resource.obj"
_RES_D1_S72_EA                                           802C      "D:\WorkingFolder\Library_Release\SACMV41b_Beta\GPCE063A_Example_V41b\GPCE063A Example Code\S480\Debug\Resource.obj"
_RES_D2_S48_SA                                           802E      "D:\WorkingFolder\Library_Release\SACMV41b_Beta\GPCE063A_Example_V41b\GPCE063A Example Code\S480\Debug\Resource.obj"
_RES_D2_S48_EA                                           8030      "D:\WorkingFolder\Library_Release\SACMV41b_Beta\GPCE063A_Example_V41b\GPCE063A Example Code\S480\Debug\Resource.obj"
_RES_D1_S48_SA                                           8032      "D:\WorkingFolder\Library_Release\SACMV41b_Beta\GPCE063A_Example_V41b\GPCE063A Example Code\S480\Debug\Resource.obj"
_RES_D1_S48_EA                                           8034      "D:\WorkingFolder\Library_Release\SACMV41b_Beta\GPCE063A_Example_V41b\GPCE063A Example Code\S480\Debug\Resource.obj"
T_SACM_S480_SpeechTable                                  8036      "D:\WorkingFolder\Library_Release\SACMV41b_Beta\GPCE063A_Example_V41b\GPCE063A Example Code\S480\Debug\Resource.obj"
_BREAK                                                   806A      "D:\WorkingFolder\Library_Release\SACMV41b_Beta\GPCE063A_Example_V41b\GPCE063A Example Code\S480\Debug\Isr.obj"
_FIQ                                                     803A      "D:\WorkingFolder\Library_Release\SACMV41b_Beta\GPCE063A_Example_V41b\GPCE063A Example Code\S480\Debug\Isr.obj"
_IRQ0                                                    806D      "D:\WorkingFolder\Library_Release\SACMV41b_Beta\GPCE063A_Example_V41b\GPCE063A Example Code\S480\Debug\Isr.obj"
_IRQ1                                                    8070      "D:\WorkingFolder\Library_Release\SACMV41b_Beta\GPCE063A_Example_V41b\GPCE063A Example Code\S480\Debug\Isr.obj"
_IRQ2                                                    8073      "D:\WorkingFolder\Library_Release\SACMV41b_Beta\GPCE063A_Example_V41b\GPCE063A Example Code\S480\Debug\Isr.obj"
_IRQ3                                                    8076      "D:\WorkingFolder\Library_Release\SACMV41b_Beta\GPCE063A_Example_V41b\GPCE063A Example Code\S480\Debug\Isr.obj"
_IRQ4                                                    8079      "D:\WorkingFolder\Library_Release\SACMV41b_Beta\GPCE063A_Example_V41b\GPCE063A Example Code\S480\Debug\Isr.obj"
_IRQ5                                                    807C      "D:\WorkingFolder\Library_Release\SACMV41b_Beta\GPCE063A_Example_V41b\GPCE063A Example Code\S480\Debug\Isr.obj"
_IRQ6                                                    807F      "D:\WorkingFolder\Library_Release\SACMV41b_Beta\GPCE063A_Example_V41b\GPCE063A Example Code\S480\Debug\Isr.obj"
_IRQ7                                                    8082      "D:\WorkingFolder\Library_Release\SACMV41b_Beta\GPCE063A_Example_V41b\GPCE063A Example Code\S480\Debug\Isr.obj"
_main                                                    8CE9      "D:\WorkingFolder\Library_Release\SACMV41b_Beta\GPCE063A_Example_V41b\GPCE063A Example Code\S480\Debug\main.obj"
_Key                                                     1EF       "D:\WorkingFolder\Library_Release\SACMV41b_Beta\GPCE063A_Example_V41b\GPCE063A Example Code\S480\Debug\main.obj"
_SpeechIndex                                             1F0       "D:\WorkingFolder\Library_Release\SACMV41b_Beta\GPCE063A_Example_V41b\GPCE063A Example Code\S480\Debug\main.obj"
_VolumeIndex                                             1F1       "D:\WorkingFolder\Library_Release\SACMV41b_Beta\GPCE063A_Example_V41b\GPCE063A Example Code\S480\Debug\main.obj"
_DAC_FIR_Type                                            1F2       "D:\WorkingFolder\Library_Release\SACMV41b_Beta\GPCE063A_Example_V41b\GPCE063A Example Code\S480\Debug\main.obj"
_PauseFlag                                               1F3       "D:\WorkingFolder\Library_Release\SACMV41b_Beta\GPCE063A_Example_V41b\GPCE063A Example Code\S480\Debug\main.obj"
_PlayCon                                                 1F4       "D:\WorkingFolder\Library_Release\SACMV41b_Beta\GPCE063A_Example_V41b\GPCE063A Example Code\S480\Debug\main.obj"
_System_Initial                                          8F26      "D:\WorkingFolder\Library_Release\SACMV41b_Beta\GPCE063A_Example_V41b\GPCE063A Example Code\S480\Debug\System.obj"
F_System_Initial                                         8F26      "D:\WorkingFolder\Library_Release\SACMV41b_Beta\GPCE063A_Example_V41b\GPCE063A Example Code\S480\Debug\System.obj"
_System_ServiceLoop                                      8F48      "D:\WorkingFolder\Library_Release\SACMV41b_Beta\GPCE063A_Example_V41b\GPCE063A Example Code\S480\Debug\System.obj"
F_System_ServiceLoop                                     8F48      "D:\WorkingFolder\Library_Release\SACMV41b_Beta\GPCE063A_Example_V41b\GPCE063A Example Code\S480\Debug\System.obj"
_WatchdogClear                                           8F43      "D:\WorkingFolder\Library_Release\SACMV41b_Beta\GPCE063A_Example_V41b\GPCE063A Example Code\S480\Debug\System.obj"
F_WatchdogClear                                          8F43      "D:\WorkingFolder\Library_Release\SACMV41b_Beta\GPCE063A_Example_V41b\GPCE063A Example Code\S480\Debug\System.obj"
_SP_GetCh                                                8F82      "D:\WorkingFolder\Library_Release\SACMV41b_Beta\GPCE063A_Example_V41b\GPCE063A Example Code\S480\Debug\System.obj"
F_SP_GetCh                                               8F82      "D:\WorkingFolder\Library_Release\SACMV41b_Beta\GPCE063A_Example_V41b\GPCE063A Example Code\S480\Debug\System.obj"
_SP_SwitchChannel                                        8F0A      "D:\WorkingFolder\Library_Release\SACMV41b_Beta\GPCE063A_Example_V41b\GPCE063A Example Code\S480\Debug\System.obj"
F_SP_SwitchChannel                                       8F0D      "D:\WorkingFolder\Library_Release\SACMV41b_Beta\GPCE063A_Example_V41b\GPCE063A Example Code\S480\Debug\System.obj"
_SP_RampUpDAC1                                           8FA8      "D:\WorkingFolder\Library_Release\SACMV41b_Beta\GPCE063A_Example_V41b\GPCE063A Example Code\S480\Debug\System.obj"
F_SP_RampUpDAC1                                          8FA8      "D:\WorkingFolder\Library_Release\SACMV41b_Beta\GPCE063A_Example_V41b\GPCE063A Example Code\S480\Debug\System.obj"
_SP_RampDnDAC1                                           8F88      "D:\WorkingFolder\Library_Release\SACMV41b_Beta\GPCE063A_Example_V41b\GPCE063A Example Code\S480\Debug\System.obj"
F_SP_RampDnDAC1                                          8F88      "D:\WorkingFolder\Library_Release\SACMV41b_Beta\GPCE063A_Example_V41b\GPCE063A Example Code\S480\Debug\System.obj"
_SP_RampUpDAC2                                           8FC5      "D:\WorkingFolder\Library_Release\SACMV41b_Beta\GPCE063A_Example_V41b\GPCE063A Example Code\S480\Debug\System.obj"
F_SP_RampUpDAC2                                          8FC5      "D:\WorkingFolder\Library_Release\SACMV41b_Beta\GPCE063A_Example_V41b\GPCE063A Example Code\S480\Debug\System.obj"
_SP_RampDnDAC2                                           8FA5      "D:\WorkingFolder\Library_Release\SACMV41b_Beta\GPCE063A_Example_V41b\GPCE063A Example Code\S480\Debug\System.obj"
F_SP_RampDnDAC2                                          8FA5      "D:\WorkingFolder\Library_Release\SACMV41b_Beta\GPCE063A_Example_V41b\GPCE063A Example Code\S480\Debug\System.obj"
_USER_S480_SetStartAddr                                  9005      "D:\WorkingFolder\Library_Release\SACMV41b_Beta\GPCE063A_Example_V41b\GPCE063A Example Code\S480\Debug\SACM_S480_User.obj"
F_USER_S480_SetStartAddr                                 9008      "D:\WorkingFolder\Library_Release\SACMV41b_Beta\GPCE063A_Example_V41b\GPCE063A Example Code\S480\Debug\SACM_S480_User.obj"
_USER_S480_SetStartAddr_Con                              9017      "D:\WorkingFolder\Library_Release\SACMV41b_Beta\GPCE063A_Example_V41b\GPCE063A Example Code\S480\Debug\SACM_S480_User.obj"
F_USER_S480_SetStartAddr_Con                             901A      "D:\WorkingFolder\Library_Release\SACMV41b_Beta\GPCE063A_Example_V41b\GPCE063A Example Code\S480\Debug\SACM_S480_User.obj"
F_USER_S480_GetData                                      9032      "D:\WorkingFolder\Library_Release\SACMV41b_Beta\GPCE063A_Example_V41b\GPCE063A Example Code\S480\Debug\SACM_S480_User.obj"
_USER_S480_Volume                                        8FE8      "D:\WorkingFolder\Library_Release\SACMV41b_Beta\GPCE063A_Example_V41b\GPCE063A Example Code\S480\Debug\SACM_S480_User.obj"
F_USER_S480_Volume                                       8FEB      "D:\WorkingFolder\Library_Release\SACMV41b_Beta\GPCE063A_Example_V41b\GPCE063A Example Code\S480\Debug\SACM_S480_User.obj"
F_SACM_S480_SendDAC1                                     8FFD      "D:\WorkingFolder\Library_Release\SACMV41b_Beta\GPCE063A_Example_V41b\GPCE063A Example Code\S480\Debug\SACM_S480_User.obj"
F_SACM_S480_SendDAC2                                     9000      "D:\WorkingFolder\Library_Release\SACMV41b_Beta\GPCE063A_Example_V41b\GPCE063A Example Code\S480\Debug\SACM_S480_User.obj"
F_SACM_S480_StartPlay                                    9001      "D:\WorkingFolder\Library_Release\SACMV41b_Beta\GPCE063A_Example_V41b\GPCE063A Example Code\S480\Debug\SACM_S480_User.obj"
F_SACM_S480_EndPlay                                      9003      "D:\WorkingFolder\Library_Release\SACMV41b_Beta\GPCE063A_Example_V41b\GPCE063A Example Code\S480\Debug\SACM_S480_User.obj"
F_SACM_S480_Init_                                        8FCD      "D:\WorkingFolder\Library_Release\SACMV41b_Beta\GPCE063A_Example_V41b\GPCE063A Example Code\S480\Debug\SACM_S480_User.obj"
F_SACM_S480_DAC_Timer_X1                                 8FF1      "D:\WorkingFolder\Library_Release\SACMV41b_Beta\GPCE063A_Example_V41b\GPCE063A Example Code\S480\Debug\SACM_S480_User.obj"
F_SACM_S480_DAC_Timer_X2                                 8FF6      "D:\WorkingFolder\Library_Release\SACMV41b_Beta\GPCE063A_Example_V41b\GPCE063A Example Code\S480\Debug\SACM_S480_User.obj"
F_SACM_S480_GetStartAddr_Con                             9029      "D:\WorkingFolder\Library_Release\SACMV41b_Beta\GPCE063A_Example_V41b\GPCE063A Example Code\S480\Debug\SACM_S480_User.obj"
_SPI_Initial                                             8970      "D:\WorkingFolder\Library_Release\SACMV41b_Beta\GPCE063A_Example_V41b\GPCE063A Example Code\S480\Debug\SPI_Flash_CE063.obj"
F_SPI_Initial                                            8970      "D:\WorkingFolder\Library_Release\SACMV41b_Beta\GPCE063A_Example_V41b\GPCE063A Example Code\S480\Debug\SPI_Flash_CE063.obj"
_SPI_ReadAWord                                           89B6      "D:\WorkingFolder\Library_Release\SACMV41b_Beta\GPCE063A_Example_V41b\GPCE063A Example Code\S480\Debug\SPI_Flash_CE063.obj"
F_SPI_ReadAWord                                          89BA      "D:\WorkingFolder\Library_Release\SACMV41b_Beta\GPCE063A_Example_V41b\GPCE063A Example Code\S480\Debug\SPI_Flash_CE063.obj"
_SPI_ReadNWords                                          89EB      "D:\WorkingFolder\Library_Release\SACMV41b_Beta\GPCE063A_Example_V41b\GPCE063A Example Code\S480\Debug\SPI_Flash_CE063.obj"
F_SPI_ReadNWords                                         89F1      "D:\WorkingFolder\Library_Release\SACMV41b_Beta\GPCE063A_Example_V41b\GPCE063A Example Code\S480\Debug\SPI_Flash_CE063.obj"
_SPI_SendAWord                                           8A25      "D:\WorkingFolder\Library_Release\SACMV41b_Beta\GPCE063A_Example_V41b\GPCE063A Example Code\S480\Debug\SPI_Flash_CE063.obj"
F_SPI_SendAWord                                          8A2A      "D:\WorkingFolder\Library_Release\SACMV41b_Beta\GPCE063A_Example_V41b\GPCE063A Example Code\S480\Debug\SPI_Flash_CE063.obj"
_SPI_SendNWords                                          8A5C      "D:\WorkingFolder\Library_Release\SACMV41b_Beta\GPCE063A_Example_V41b\GPCE063A Example Code\S480\Debug\SPI_Flash_CE063.obj"
F_SPI_SendNWords                                         8A62      "D:\WorkingFolder\Library_Release\SACMV41b_Beta\GPCE063A_Example_V41b\GPCE063A Example Code\S480\Debug\SPI_Flash_CE063.obj"
_Flash_Write_Enable                                      8AAA      "D:\WorkingFolder\Library_Release\SACMV41b_Beta\GPCE063A_Example_V41b\GPCE063A Example Code\S480\Debug\SPI_Flash_CE063.obj"
F_Flash_Write_Enable                                     8AAA      "D:\WorkingFolder\Library_Release\SACMV41b_Beta\GPCE063A_Example_V41b\GPCE063A Example Code\S480\Debug\SPI_Flash_CE063.obj"
_Flash_Write_Disable                                     8ABD      "D:\WorkingFolder\Library_Release\SACMV41b_Beta\GPCE063A_Example_V41b\GPCE063A Example Code\S480\Debug\SPI_Flash_CE063.obj"
F_Flash_Write_Disable                                    8ABD      "D:\WorkingFolder\Library_Release\SACMV41b_Beta\GPCE063A_Example_V41b\GPCE063A Example Code\S480\Debug\SPI_Flash_CE063.obj"
_SPI_Read_Status_Register                                8ACD      "D:\WorkingFolder\Library_Release\SACMV41b_Beta\GPCE063A_Example_V41b\GPCE063A Example Code\S480\Debug\SPI_Flash_CE063.obj"
F_SPI_Read_Status_Register                               8ACD      "D:\WorkingFolder\Library_Release\SACMV41b_Beta\GPCE063A_Example_V41b\GPCE063A Example Code\S480\Debug\SPI_Flash_CE063.obj"
_SPI_Enable_Write_Status_Registe                         8AE0      "D:\WorkingFolder\Library_Release\SACMV41b_Beta\GPCE063A_Example_V41b\GPCE063A Example Code\S480\Debug\SPI_Flash_CE063.obj"
F_SPI_Enable_Write_Status_Regist                         8AE0      "D:\WorkingFolder\Library_Release\SACMV41b_Beta\GPCE063A_Example_V41b\GPCE063A Example Code\S480\Debug\SPI_Flash_CE063.obj"
_SPI_Write_Status_Register                               8AF0      "D:\WorkingFolder\Library_Release\SACMV41b_Beta\GPCE063A_Example_V41b\GPCE063A Example Code\S480\Debug\SPI_Flash_CE063.obj"
F_SPI_Write_Status_Register                              8AF3      "D:\WorkingFolder\Library_Release\SACMV41b_Beta\GPCE063A_Example_V41b\GPCE063A Example Code\S480\Debug\SPI_Flash_CE063.obj"
_SPI_Flash_Sector_Erase                                  8B07      "D:\WorkingFolder\Library_Release\SACMV41b_Beta\GPCE063A_Example_V41b\GPCE063A Example Code\S480\Debug\SPI_Flash_CE063.obj"
F_SPI_Flash_Sector_Erase                                 8B0A      "D:\WorkingFolder\Library_Release\SACMV41b_Beta\GPCE063A_Example_V41b\GPCE063A Example Code\S480\Debug\SPI_Flash_CE063.obj"
_SPI_Flash_Chip_Erase                                    8B37      "D:\WorkingFolder\Library_Release\SACMV41b_Beta\GPCE063A_Example_V41b\GPCE063A Example Code\S480\Debug\SPI_Flash_CE063.obj"
F_SPI_Flash_Chip_Erase                                   8B37      "D:\WorkingFolder\Library_Release\SACMV41b_Beta\GPCE063A_Example_V41b\GPCE063A Example Code\S480\Debug\SPI_Flash_CE063.obj"
_SPI_Read_Flash_ID                                       8B52      "D:\WorkingFolder\Library_Release\SACMV41b_Beta\GPCE063A_Example_V41b\GPCE063A Example Code\S480\Debug\SPI_Flash_CE063.obj"
F_SPI_Read_Flash_ID                                      8B52      "D:\WorkingFolder\Library_Release\SACMV41b_Beta\GPCE063A_Example_V41b\GPCE063A Example Code\S480\Debug\SPI_Flash_CE063.obj"
__RES_D2_S72_sa                                          90CC      "D:\WorkingFolder\Library_Release\SACMV41b_Beta\GPCE063A_Example_V41b\GPCE063A Example Code\S480\Debug\d2_s72.res"
__RES_D2_S72_ea                                          9B12      "D:\WorkingFolder\Library_Release\SACMV41b_Beta\GPCE063A_Example_V41b\GPCE063A Example Code\S480\Debug\d2_s72.res"
__RES_D1_S72_sa                                          A1EF      "D:\WorkingFolder\Library_Release\SACMV41b_Beta\GPCE063A_Example_V41b\GPCE063A Example Code\S480\Debug\d1_s72.res"
__RES_D1_S72_ea                                          A857      "D:\WorkingFolder\Library_Release\SACMV41b_Beta\GPCE063A_Example_V41b\GPCE063A Example Code\S480\Debug\d1_s72.res"
__RES_D2_S48_sa                                          9B12      "D:\WorkingFolder\Library_Release\SACMV41b_Beta\GPCE063A_Example_V41b\GPCE063A Example Code\S480\Debug\d2_s48.res"
__RES_D2_S48_ea                                          A1EF      "D:\WorkingFolder\Library_Release\SACMV41b_Beta\GPCE063A_Example_V41b\GPCE063A Example Code\S480\Debug\d2_s48.res"
__RES_D1_S48_sa                                          A857      "D:\WorkingFolder\Library_Release\SACMV41b_Beta\GPCE063A_Example_V41b\GPCE063A Example Code\S480\Debug\d1_s48.res"
__RES_D1_S48_ea                                          ACA3      "D:\WorkingFolder\Library_Release\SACMV41b_Beta\GPCE063A_Example_V41b\GPCE063A Example Code\S480\Debug\d1_s48.res"
***********************************************************************************************************************************************************************************************************************************************************************************************************

***********************************************************************************************************************************************************************************************************************************************************************************************************
*                             S E C T I O N     S U M M A R Y                                                                                                                                                                                                                                             *
***********************************************************************************************************************************************************************************************************************************************************************************************************
*     Section Name                                       Startting Address   Ending Address      Size                                                                                                                                                                                                     *
***********************************************************************************************************************************************************************************************************************************************************************************************************
* "C:\Program Files\Generalplus\unSPIDE 3.0.4\startupcode\startupD.obj"                                                                                                                                                                                                                                   *
*    DEBUG                                               ----                ----                ----                                                                                                                                                                                                     *
*    CODE                                                ----                ----                ----                                                                                                                                                                                                     *
*    DATA                                                ----                ----                ----                                                                                                                                                                                                     *
*    TEXT                                                ----                ----                ----                                                                                                                                                                                                     *
*    IRAM                                                ----                ----                ----                                                                                                                                                                                                     *
*    ISRAM                                               ----                ----                ----                                                                                                                                                                                                     *
*    RAM                                                 ----                ----                ----                                                                                                                                                                                                     *
*    SRAM                                                ----                ----                ----                                                                                                                                                                                                     *
*    ORAM                                                ----                ----                ----                                                                                                                                                                                                     *
*    OSRAM                                               ----                ----                ----                                                                                                                                                                                                     *
*    NB_DATA                                             ----                ----                ----                                                                                                                                                                                                     *
*    CTOR                                                ----                ----                ----                                                                                                                                                                                                     *
*    DTOR                                                ----                ----                ----                                                                                                                                                                                                     *
*    IM                                                  ----                ----                ----                                                                                                                                                                                                     *
*    LINKONCE                                            ----                ----                ----                                                                                                                                                                                                     *
*    VTBL                                                ----                ----                ----                                                                                                                                                                                                     *
*    NB_MERGE                                            ----                ----                ----                                                                                                                                                                                                     *
*    unSP_StartUp(TEXT)                                  8009                8025                1D                                                                                                                                                                                                       *
* "D:\WorkingFolder\Library_Release\SACMV41b_Beta\GPCE063A_Example_V41b\GPCE063A Example Code\S480\Debug\Resource.obj"
*    DEBUG                                               ----                ----                ----                                                                                                                                                                                                     *
*    CODE                                                ----                ----                ----                                                                                                                                                                                                     *
*    DATA                                                ----                ----                ----                                                                                                                                                                                                     *
*    TEXT                                                8026                8039                14                                                                                                                                                                                                       *
*    IRAM                                                ----                ----                ----                                                                                                                                                                                                     *
*    ISRAM                                               ----                ----                ----                                                                                                                                                                                                     *
*    RAM                                                 ----                ----                ----                                                                                                                                                                                                     *
*    SRAM                                                ----                ----                ----                                                                                                                                                                                                     *
*    ORAM                                                ----                ----                ----                                                                                                                                                                                                     *
*    OSRAM                                               ----                ----                ----                                                                                                                                                                                                     *
*    NB_DATA                                             ----                ----                ----                                                                                                                                                                                                     *
*    CTOR                                                ----                ----                ----                                                                                                                                                                                                     *
*    DTOR                                                ----                ----                ----                                                                                                                                                                                                     *
*    IM                                                  ----                ----                ----                                                                                                                                                                                                     *
*    LINKONCE                                            ----                ----                ----                                                                                                                                                                                                     *
*    VTBL                                                ----                ----                ----                                                                                                                                                                                                     *
*    NB_MERGE                                            ----                ----                ----                                                                                                                                                                                                     *
*    RAM_BANK0                                           ----                ----                ----                                                                                                                                                                                                     *
*    IRAM_BANK0                                          ----                ----                ----                                                                                                                                                                                                     *
*    ORAM_BANK0                                          ----                ----                ----                                                                                                                                                                                                     *
* "D:\WorkingFolder\Library_Release\SACMV41b_Beta\GPCE063A_Example_V41b\GPCE063A Example Code\S480\Debug\Isr.obj"
*    DEBUG                                               ----                ----                ----                                                                                                                                                                                                     *
*    CODE                                                ----                ----                ----                                                                                                                                                                                                     *
*    DATA                                                ----                ----                ----                                                                                                                                                                                                     *
*    TEXT                                                803A                8084                4B                                                                                                                                                                                                       *
*    IRAM                                                ----                ----                ----                                                                                                                                                                                                     *
*    ISRAM                                               ----                ----                ----                                                                                                                                                                                                     *
*    RAM                                                 ----                ----                ----                                                                                                                                                                                                     *
*    SRAM                                                ----                ----                ----                                                                                                                                                                                                     *
*    ORAM                                                ----                ----                ----                                                                                                                                                                                                     *
*    OSRAM                                               ----                ----                ----                                                                                                                                                                                                     *
*    NB_DATA                                             ----                ----                ----                                                                                                                                                                                                     *
*    CTOR                                                ----                ----                ----                                                                                                                                                                                                     *
*    DTOR                                                ----                ----                ----                                                                                                                                                                                                     *
*    IM                                                  ----                ----                ----                                                                                                                                                                                                     *
*    LINKONCE                                            ----                ----                ----                                                                                                                                                                                                     *
*    VTBL                                                ----                ----                ----                                                                                                                                                                                                     *
*    NB_MERGE                                            ----                ----                ----                                                                                                                                                                                                     *
*    RAM_BANK0                                           ----                ----                ----                                                                                                                                                                                                     *
*    IRAM_BANK0                                          ----                ----                ----                                                                                                                                                                                                     *
*    ORAM_BANK0                                          ----                ----                ----                                                                                                                                                                                                     *
* "D:\WorkingFolder\Library_Release\SACMV41b_Beta\GPCE063A_Example_V41b\GPCE063A Example Code\S480\Debug\main.obj"
*    DEBUG                                               ----                ----                ----                                                                                                                                                                                                     *
*    CODE                                                8CE9                8E09                121                                                                                                                                                                                                      *
*    DATA                                                ----                ----                ----                                                                                                                                                                                                     *
*    TEXT                                                ----                ----                ----                                                                                                                                                                                                     *
*    IRAM                                                90C6(1EF)           90CB(1F4)           6                                                                                                                                                                                                        *
*    ISRAM                                               ----                ----                ----                                                                                                                                                                                                     *
*    RAM                                                 ----                ----                ----                                                                                                                                                                                                     *
*    SRAM                                                ----                ----                ----                                                                                                                                                                                                     *
*    ORAM                                                ----                ----                ----                                                                                                                                                                                                     *
*    OSRAM                                               ----                ----                ----                                                                                                                                                                                                     *
*    NB_DATA                                             ----                ----                ----                                                                                                                                                                                                     *
*    CTOR                                                ----                ----                ----                                                                                                                                                                                                     *
*    DTOR                                                ----                ----                ----                                                                                                                                                                                                     *
*    IM                                                  ----                ----                ----                                                                                                                                                                                                     *
*    LINKONCE                                            ----                ----                ----                                                                                                                                                                                                     *
*    VTBL                                                ----                ----                ----                                                                                                                                                                                                     *
*    NB_MERGE                                            ----                ----                ----                                                                                                                                                                                                     *
*    RAM_BANK0                                           ----                ----                ----                                                                                                                                                                                                     *
*    IRAM_BANK0                                          ----                ----                ----                                                                                                                                                                                                     *
*    ORAM_BANK0                                          ----                ----                ----                                                                                                                                                                                                     *
* "D:\WorkingFolder\Library_Release\SACMV41b_Beta\GPCE063A_Example_V41b\GPCE063A Example Code\S480\Debug\System.obj"
*    DEBUG                                               ----                ----                ----                                                                                                                                                                                                     *
*    CODE                                                8F0A                8FCC                C3                                                                                                                                                                                                       *
*    DATA                                                ----                ----                ----                                                                                                                                                                                                     *
*    TEXT                                                ----                ----                ----                                                                                                                                                                                                     *
*    IRAM                                                ----                ----                ----                                                                                                                                                                                                     *
*    ISRAM                                               ----                ----                ----                                                                                                                                                                                                     *
*    RAM                                                 1E7                 1EA                 4                                                                                                                                                                                                        *
*    SRAM                                                ----                ----                ----                                                                                                                                                                                                     *
*    ORAM                                                ----                ----                ----                                                                                                                                                                                                     *
*    OSRAM                                               ----                ----                ----                                                                                                                                                                                                     *
*    NB_DATA                                             ----                ----                ----                                                                                                                                                                                                     *
*    CTOR                                                ----                ----                ----                                                                                                                                                                                                     *
*    DTOR                                                ----                ----                ----                                                                                                                                                                                                     *
*    IM                                                  ----                ----                ----                                                                                                                                                                                                     *
*    LINKONCE                                            ----                ----                ----                                                                                                                                                                                                     *
*    VTBL                                                ----                ----                ----                                                                                                                                                                                                     *
*    NB_MERGE                                            ----                ----                ----                                                                                                                                                                                                     *
*    RAM_BANK0                                           ----                ----                ----                                                                                                                                                                                                     *
*    IRAM_BANK0                                          ----                ----                ----                                                                                                                                                                                                     *
*    ORAM_BANK0                                          ----                ----                ----                                                                                                                                                                                                     *
* "D:\WorkingFolder\Library_Release\SACMV41b_Beta\GPCE063A_Example_V41b\GPCE063A Example Code\S480\Debug\SACM_S480_User.obj"
*    DEBUG                                               ----                ----                ----                                                                                                                                                                                                     *
*    CODE                                                8FCD                9049                7D                                                                                                                                                                                                       *
*    DATA                                                ----                ----                ----                                                                                                                                                                                                     *
*    TEXT                                                8085                8094                10                                                                                                                                                                                                       *
*    IRAM                                                ----                ----                ----                                                                                                                                                                                                     *
*    ISRAM                                               ----                ----                ----                                                                                                                                                                                                     *
*    RAM                                                 1EB                 1EE                 4                                                                                                                                                                                                        *
*    SRAM                                                ----                ----                ----                                                                                                                                                                                                     *
*    ORAM                                                ----                ----                ----                                                                                                                                                                                                     *
*    OSRAM                                               ----                ----                ----                                                                                                                                                                                                     *
*    NB_DATA                                             ----                ----                ----                                                                                                                                                                                                     *
*    CTOR                                                ----                ----                ----                                                                                                                                                                                                     *
*    DTOR                                                ----                ----                ----                                                                                                                                                                                                     *
*    IM                                                  ----                ----                ----                                                                                                                                                                                                     *
*    LINKONCE                                            ----                ----                ----                                                                                                                                                                                                     *
*    VTBL                                                ----                ----                ----                                                                                                                                                                                                     *
*    NB_MERGE                                            ----                ----                ----                                                                                                                                                                                                     *
*    RAM_BANK0                                           ----                ----                ----                                                                                                                                                                                                     *
*    IRAM_BANK0                                          ----                ----                ----                                                                                                                                                                                                     *
*    ORAM_BANK0                                          ----                ----                ----                                                                                                                                                                                                     *
* "D:\WorkingFolder\Library_Release\SACMV41b_Beta\GPCE063A_Example_V41b\GPCE063A Example Code\S480\Debug\SPI_Flash_CE063.obj"
*    DEBUG                                               ----                ----                ----                                                                                                                                                                                                     *
*    CODE                                                8970                8B73                204                                                                                                                                                                                                      *
*    DATA                                                ----                ----                ----                                                                                                                                                                                                     *
*    TEXT                                                ----                ----                ----                                                                                                                                                                                                     *
*    IRAM                                                ----                ----                ----                                                                                                                                                                                                     *
*    ISRAM                                               ----                ----                ----                                                                                                                                                                                                     *
*    RAM                                                 ----                ----                ----                                                                                                                                                                                                     *
*    SRAM                                                ----                ----                ----                                                                                                                                                                                                     *
*    ORAM                                                ----                ----                ----                                                                                                                                                                                                     *
*    OSRAM                                               ----                ----                ----                                                                                                                                                                                                     *
*    NB_DATA                                             ----                ----                ----                                                                                                                                                                                                     *
*    CTOR                                                ----                ----                ----                                                                                                                                                                                                     *
*    DTOR                                                ----                ----                ----                                                                                                                                                                                                     *
*    IM                                                  ----                ----                ----                                                                                                                                                                                                     *
*    LINKONCE                                            ----                ----                ----                                                                                                                                                                                                     *
*    VTBL                                                ----                ----                ----                                                                                                                                                                                                     *
*    NB_MERGE                                            ----                ----                ----                                                                                                                                                                                                     *
*    RAM_BANK0                                           ----                ----                ----                                                                                                                                                                                                     *
*    IRAM_BANK0                                          ----                ----                ----                                                                                                                                                                                                     *
*    ORAM_BANK0                                          ----                ----                ----                                                                                                                                                                                                     *
* "D:\WorkingFolder\Library_Release\SACMV41b_Beta\GPCE063A_Example_V41b\GPCE063A Example Code\S480\Debug\d2_s72.res"
*    __sn_section_RES_D2_S72(DATA)                       90CC                9B11                A46                                                                                                                                                                                                      *
* "D:\WorkingFolder\Library_Release\SACMV41b_Beta\GPCE063A_Example_V41b\GPCE063A Example Code\S480\Debug\d1_s72.res"
*    __sn_section_RES_D1_S72(DATA)                       A1EF                A856                668                                                                                                                                                                                                      *
* "D:\WorkingFolder\Library_Release\SACMV41b_Beta\GPCE063A_Example_V41b\GPCE063A Example Code\S480\Debug\d2_s48.res"
*    __sn_section_RES_D2_S48(DATA)                       9B12                A1EE                6DD                                                                                                                                                                                                      *
* "D:\WorkingFolder\Library_Release\SACMV41b_Beta\GPCE063A_Example_V41b\GPCE063A Example Code\S480\Debug\d1_s48.res"
*    __sn_section_RES_D1_S48(DATA)                       A857                ACA2                44C                                                                                                                                                                                                      *
* "D:\WorkingFolder\Library_Source\SACM_V41b\LibMaker\S480\SACM_S480_API"                                                                                                                                                                                                                                 *
*    DEBUG                                               ----                ----                ----                                                                                                                                                                                                     *
*    CODE                                                904A                90C5                7C                                                                                                                                                                                                       *
*    DATA                                                ----                ----                ----                                                                                                                                                                                                     *
*    TEXT                                                8095                819D                109                                                                                                                                                                                                      *
*    IRAM                                                ----                ----                ----                                                                                                                                                                                                     *
*    ISRAM                                               ----                ----                ----                                                                                                                                                                                                     *
*    RAM                                                 ----                ----                ----                                                                                                                                                                                                     *
*    SRAM                                                ----                ----                ----                                                                                                                                                                                                     *
*    ORAM                                                ----                ----                ----                                                                                                                                                                                                     *
*    OSRAM                                               ----                ----                ----                                                                                                                                                                                                     *
*    NB_DATA                                             ----                ----                ----                                                                                                                                                                                                     *
*    CTOR                                                ----                ----                ----                                                                                                                                                                                                     *
*    DTOR                                                ----                ----                ----                                                                                                                                                                                                     *
*    IM                                                  ----                ----                ----                                                                                                                                                                                                     *
*    LINKONCE                                            ----                ----                ----                                                                                                                                                                                                     *
*    VTBL                                                ----                ----                ----                                                                                                                                                                                                     *
*    NB_MERGE                                            ----                ----                ----                                                                                                                                                                                                     *
*    RAM_BANK0                                           ----                ----                ----                                                                                                                                                                                                     *
*    IRAM_BANK0                                          ----                ----                ----                                                                                                                                                                                                     *
*    ORAM_BANK0                                          ----                ----                ----                                                                                                                                                                                                     *
*    OVERLAP_S480_API_BLOCK(ORAM)                        1                   17                  17                                                                                                                                                                                                       *
*    SACM_S480_ROM_BLOCK(CODE)                           8B74                8CE8                175                                                                                                                                                                                                      *
* "D:\WorkingFolder\Library_Source\SACM_V41b\LibMaker\S480\SACM_S480_Decode"                                                                                                                                                                                                                              *
*    DEBUG                                               ----                ----                ----                                                                                                                                                                                                     *
*    CODE                                                ----                ----                ----                                                                                                                                                                                                     *
*    DATA                                                ----                ----                ----                                                                                                                                                                                                     *
*    TEXT                                                ----                ----                ----                                                                                                                                                                                                     *
*    IRAM                                                ----                ----                ----                                                                                                                                                                                                     *
*    ISRAM                                               ----                ----                ----                                                                                                                                                                                                     *
*    RAM                                                 ----                ----                ----                                                                                                                                                                                                     *
*    SRAM                                                ----                ----                ----                                                                                                                                                                                                     *
*    ORAM                                                ----                ----                ----                                                                                                                                                                                                     *
*    OSRAM                                               ----                ----                ----                                                                                                                                                                                                     *
*    NB_DATA                                             ----                ----                ----                                                                                                                                                                                                     *
*    CTOR                                                ----                ----                ----                                                                                                                                                                                                     *
*    DTOR                                                ----                ----                ----                                                                                                                                                                                                     *
*    IM                                                  ----                ----                ----                                                                                                                                                                                                     *
*    LINKONCE                                            ----                ----                ----                                                                                                                                                                                                     *
*    VTBL                                                ----                ----                ----                                                                                                                                                                                                     *
*    NB_MERGE                                            ----                ----                ----                                                                                                                                                                                                     *
*    RAM_BANK0                                           ----                ----                ----                                                                                                                                                                                                     *
*    IRAM_BANK0                                          ----                ----                ----                                                                                                                                                                                                     *
*    ORAM_BANK0                                          ----                ----                ----                                                                                                                                                                                                     *
*    OVERLAP_S480_RAM_BLOCK(ORAM)                        18                  C2                  AB                                                                                                                                                                                                       *
*    SACM_S480_DECODE_ROM_BLOCK(CODE)                    8E0A                8F09                100                                                                                                                                                                                                      *
* "D:\SPCB72~1\³Ì·sª©~1\DECODE~4\BACKGR~1\Debug\S480_K~1"                                                                                                                                                                                                                                                 *
*    DEBUG                                               ----                ----                ----                                                                                                                                                                                                     *
*    CODE                                                848B                896F                4E5                                                                                                                                                                                                      *
*    DATA                                                ----                ----                ----                                                                                                                                                                                                     *
*    TEXT                                                819E                848A                2ED                                                                                                                                                                                                      *
*    IRAM                                                ----                ----                ----                                                                                                                                                                                                     *
*    ISRAM                                               ----                ----                ----                                                                                                                                                                                                     *
*    RAM                                                 ----                ----                ----                                                                                                                                                                                                     *
*    SRAM                                                ----                ----                ----                                                                                                                                                                                                     *
*    ORAM                                                ----                ----                ----                                                                                                                                                                                                     *
*    OSRAM                                               ----                ----                ----                                                                                                                                                                                                     *
*    NB_DATA                                             ----                ----                ----                                                                                                                                                                                                     *
*    OVERLAP_S480_DM_BLOCK(ORAM)                         C3                  1E6                 124                                                                                                                                                                                                      *
* "Init Table"                                           8000                8008                9                                                                                                                                                                                                        *
***********************************************************************************************************************************************************************************************************************************************************************************************************

***********************************************************************************************************************************************************************************************************************************************************************************************************
*                             M E M O R Y     S U M M A R Y                                                                                                                                                                                                                                               *
***********************************************************************************************************************************************************************************************************************************************************************************************************
*     Type                          Total               Using        Remain                                                                                                                                                                                                                               *
***********************************************************************************************************************************************************************************************************************************************************************************************************
* "SRam/OSRam/ISRam"                40                   0            40                                                                                                                                                                                                                                  *
* "Ram"                             800                  1F5          60B                                                                                                                                                                                                                                 *
* "First Bank Rom"                  7C00                 2CA3         4F5D                                                                                                                                                                                                                                *
* "Other Banks Rom"                 0                    0            0                                                                                                                                                                                                                                   *
***********************************************************************************************************************************************************************************************************************************************************************************************************

Linker Output Filename : D:\WorkingFolder\Library_Release\SACMV41b_Beta\GPCE063A_Example_V41b\GPCE063A Example Code\S480\Debug\SACM_S480.S37
Disk  Mapping Filename : D:\WorkingFolder\Library_Release\SACMV41b_Beta\GPCE063A_Example_V41b\GPCE063A Example Code\S480\Debug\SACM_S480.map
Symbol  Table FileName : D:\WorkingFolder\Library_Release\SACMV41b_Beta\GPCE063A_Example_V41b\GPCE063A Example Code\S480\Debug\SACM_S480.sym
Format :                 Microtek

Linker Errors :          0
Output Format :          S37
