Wednesday, June 03, 15:47:05, 2009

                    Generalplus u'nSP Linker version 1.14.13.6 (enc)
                    -------------------------------------------

Global Symbol Name                                Global Value     Global Filename
***********************************************************************************************************************************************************************************************************************************************************************************************************
_RESET                                                   8009      "C:\Program Files\Generalplus\unSPIDE 3.0.4\startupcode\startupD.obj"
__sn_loop                                                8025      "C:\Program Files\Generalplus\unSPIDE 3.0.4\startupcode\startupD.obj"
__sn_loop2                                               8024      "C:\Program Files\Generalplus\unSPIDE 3.0.4\startupcode\startupD.obj"
__sn_init_table                                          8000      "Linker internal symbol"
__sn_sp_val                                              7FF       "Linker internal symbol"
_RES_Table                                               8026      "D:\WorkingFolder\Library_Release\SACMV41b_Beta\GPCE063A_Example_V41b\GPCE063A Example Code\A1600\Debug\Resource.obj"
_RES_T09_A_A16_SA                                        8026      "D:\WorkingFolder\Library_Release\SACMV41b_Beta\GPCE063A_Example_V41b\GPCE063A Example Code\A1600\Debug\Resource.obj"
_RES_T09_A_A16_EA                                        8028      "D:\WorkingFolder\Library_Release\SACMV41b_Beta\GPCE063A_Example_V41b\GPCE063A Example Code\A1600\Debug\Resource.obj"
_RES_T09_B_A16_SA                                        802A      "D:\WorkingFolder\Library_Release\SACMV41b_Beta\GPCE063A_Example_V41b\GPCE063A Example Code\A1600\Debug\Resource.obj"
_RES_T09_B_A16_EA                                        802C      "D:\WorkingFolder\Library_Release\SACMV41b_Beta\GPCE063A_Example_V41b\GPCE063A Example Code\A1600\Debug\Resource.obj"
_RES_T09_C_A16_SA                                        802E      "D:\WorkingFolder\Library_Release\SACMV41b_Beta\GPCE063A_Example_V41b\GPCE063A Example Code\A1600\Debug\Resource.obj"
_RES_T09_C_A16_EA                                        8030      "D:\WorkingFolder\Library_Release\SACMV41b_Beta\GPCE063A_Example_V41b\GPCE063A Example Code\A1600\Debug\Resource.obj"
T_SACM_A1600_SpeechTable                                 8032      "D:\WorkingFolder\Library_Release\SACMV41b_Beta\GPCE063A_Example_V41b\GPCE063A Example Code\A1600\Debug\Resource.obj"
_BREAK                                                   8052      "D:\WorkingFolder\Library_Release\SACMV41b_Beta\GPCE063A_Example_V41b\GPCE063A Example Code\A1600\Debug\Isr.obj"
_FIQ                                                     8035      "D:\WorkingFolder\Library_Release\SACMV41b_Beta\GPCE063A_Example_V41b\GPCE063A Example Code\A1600\Debug\Isr.obj"
_IRQ0                                                    8055      "D:\WorkingFolder\Library_Release\SACMV41b_Beta\GPCE063A_Example_V41b\GPCE063A Example Code\A1600\Debug\Isr.obj"
_IRQ1                                                    8058      "D:\WorkingFolder\Library_Release\SACMV41b_Beta\GPCE063A_Example_V41b\GPCE063A Example Code\A1600\Debug\Isr.obj"
_IRQ2                                                    805B      "D:\WorkingFolder\Library_Release\SACMV41b_Beta\GPCE063A_Example_V41b\GPCE063A Example Code\A1600\Debug\Isr.obj"
_IRQ3                                                    805E      "D:\WorkingFolder\Library_Release\SACMV41b_Beta\GPCE063A_Example_V41b\GPCE063A Example Code\A1600\Debug\Isr.obj"
_IRQ4                                                    8061      "D:\WorkingFolder\Library_Release\SACMV41b_Beta\GPCE063A_Example_V41b\GPCE063A Example Code\A1600\Debug\Isr.obj"
_IRQ5                                                    8064      "D:\WorkingFolder\Library_Release\SACMV41b_Beta\GPCE063A_Example_V41b\GPCE063A Example Code\A1600\Debug\Isr.obj"
_IRQ6                                                    8067      "D:\WorkingFolder\Library_Release\SACMV41b_Beta\GPCE063A_Example_V41b\GPCE063A Example Code\A1600\Debug\Isr.obj"
_IRQ7                                                    806A      "D:\WorkingFolder\Library_Release\SACMV41b_Beta\GPCE063A_Example_V41b\GPCE063A Example Code\A1600\Debug\Isr.obj"
_main                                                    91B5      "D:\WorkingFolder\Library_Release\SACMV41b_Beta\GPCE063A_Example_V41b\GPCE063A Example Code\A1600\Debug\main.obj"
_Key                                                     1E8       "D:\WorkingFolder\Library_Release\SACMV41b_Beta\GPCE063A_Example_V41b\GPCE063A Example Code\A1600\Debug\main.obj"
_SpeechIndex                                             1E9       "D:\WorkingFolder\Library_Release\SACMV41b_Beta\GPCE063A_Example_V41b\GPCE063A Example Code\A1600\Debug\main.obj"
_VolumeIndex                                             1EA       "D:\WorkingFolder\Library_Release\SACMV41b_Beta\GPCE063A_Example_V41b\GPCE063A Example Code\A1600\Debug\main.obj"
_DAC_FIR_Type                                            1EB       "D:\WorkingFolder\Library_Release\SACMV41b_Beta\GPCE063A_Example_V41b\GPCE063A Example Code\A1600\Debug\main.obj"
_PauseFlag                                               1EC       "D:\WorkingFolder\Library_Release\SACMV41b_Beta\GPCE063A_Example_V41b\GPCE063A Example Code\A1600\Debug\main.obj"
_PlayCon                                                 1ED       "D:\WorkingFolder\Library_Release\SACMV41b_Beta\GPCE063A_Example_V41b\GPCE063A Example Code\A1600\Debug\main.obj"
_System_Initial                                          93F0      "D:\WorkingFolder\Library_Release\SACMV41b_Beta\GPCE063A_Example_V41b\GPCE063A Example Code\A1600\Debug\System.obj"
F_System_Initial                                         93F0      "D:\WorkingFolder\Library_Release\SACMV41b_Beta\GPCE063A_Example_V41b\GPCE063A Example Code\A1600\Debug\System.obj"
_System_ServiceLoop                                      9412      "D:\WorkingFolder\Library_Release\SACMV41b_Beta\GPCE063A_Example_V41b\GPCE063A Example Code\A1600\Debug\System.obj"
F_System_ServiceLoop                                     9412      "D:\WorkingFolder\Library_Release\SACMV41b_Beta\GPCE063A_Example_V41b\GPCE063A Example Code\A1600\Debug\System.obj"
_WatchdogClear                                           940D      "D:\WorkingFolder\Library_Release\SACMV41b_Beta\GPCE063A_Example_V41b\GPCE063A Example Code\A1600\Debug\System.obj"
F_WatchdogClear                                          940D      "D:\WorkingFolder\Library_Release\SACMV41b_Beta\GPCE063A_Example_V41b\GPCE063A Example Code\A1600\Debug\System.obj"
_SP_GetCh                                                944C      "D:\WorkingFolder\Library_Release\SACMV41b_Beta\GPCE063A_Example_V41b\GPCE063A Example Code\A1600\Debug\System.obj"
F_SP_GetCh                                               944C      "D:\WorkingFolder\Library_Release\SACMV41b_Beta\GPCE063A_Example_V41b\GPCE063A Example Code\A1600\Debug\System.obj"
_SP_SwitchChannel                                        93D4      "D:\WorkingFolder\Library_Release\SACMV41b_Beta\GPCE063A_Example_V41b\GPCE063A Example Code\A1600\Debug\System.obj"
F_SP_SwitchChannel                                       93D7      "D:\WorkingFolder\Library_Release\SACMV41b_Beta\GPCE063A_Example_V41b\GPCE063A Example Code\A1600\Debug\System.obj"
_SP_RampUpDAC1                                           9472      "D:\WorkingFolder\Library_Release\SACMV41b_Beta\GPCE063A_Example_V41b\GPCE063A Example Code\A1600\Debug\System.obj"
F_SP_RampUpDAC1                                          9472      "D:\WorkingFolder\Library_Release\SACMV41b_Beta\GPCE063A_Example_V41b\GPCE063A Example Code\A1600\Debug\System.obj"
_SP_RampDnDAC1                                           9452      "D:\WorkingFolder\Library_Release\SACMV41b_Beta\GPCE063A_Example_V41b\GPCE063A Example Code\A1600\Debug\System.obj"
F_SP_RampDnDAC1                                          9452      "D:\WorkingFolder\Library_Release\SACMV41b_Beta\GPCE063A_Example_V41b\GPCE063A Example Code\A1600\Debug\System.obj"
_SP_RampUpDAC2                                           948F      "D:\WorkingFolder\Library_Release\SACMV41b_Beta\GPCE063A_Example_V41b\GPCE063A Example Code\A1600\Debug\System.obj"
F_SP_RampUpDAC2                                          948F      "D:\WorkingFolder\Library_Release\SACMV41b_Beta\GPCE063A_Example_V41b\GPCE063A Example Code\A1600\Debug\System.obj"
_SP_RampDnDAC2                                           946F      "D:\WorkingFolder\Library_Release\SACMV41b_Beta\GPCE063A_Example_V41b\GPCE063A Example Code\A1600\Debug\System.obj"
F_SP_RampDnDAC2                                          946F      "D:\WorkingFolder\Library_Release\SACMV41b_Beta\GPCE063A_Example_V41b\GPCE063A Example Code\A1600\Debug\System.obj"
_USER_A1600_SetStartAddr                                 94CF      "D:\WorkingFolder\Library_Release\SACMV41b_Beta\GPCE063A_Example_V41b\GPCE063A Example Code\A1600\Debug\SACM_A1600_User.obj"
F_USER_A1600_SetStartAddr                                94D2      "D:\WorkingFolder\Library_Release\SACMV41b_Beta\GPCE063A_Example_V41b\GPCE063A Example Code\A1600\Debug\SACM_A1600_User.obj"
_USER_A1600_SetStartAddr_Con                             94E1      "D:\WorkingFolder\Library_Release\SACMV41b_Beta\GPCE063A_Example_V41b\GPCE063A Example Code\A1600\Debug\SACM_A1600_User.obj"
F_USER_A1600_SetStartAddr_Con                            94E4      "D:\WorkingFolder\Library_Release\SACMV41b_Beta\GPCE063A_Example_V41b\GPCE063A Example Code\A1600\Debug\SACM_A1600_User.obj"
F_USER_A1600_GetData                                     94FC      "D:\WorkingFolder\Library_Release\SACMV41b_Beta\GPCE063A_Example_V41b\GPCE063A Example Code\A1600\Debug\SACM_A1600_User.obj"
_USER_A1600_Volume                                       94B2      "D:\WorkingFolder\Library_Release\SACMV41b_Beta\GPCE063A_Example_V41b\GPCE063A Example Code\A1600\Debug\SACM_A1600_User.obj"
F_USER_A1600_Volume                                      94B5      "D:\WorkingFolder\Library_Release\SACMV41b_Beta\GPCE063A_Example_V41b\GPCE063A Example Code\A1600\Debug\SACM_A1600_User.obj"
F_SACM_A1600_SendDAC1                                    94C7      "D:\WorkingFolder\Library_Release\SACMV41b_Beta\GPCE063A_Example_V41b\GPCE063A Example Code\A1600\Debug\SACM_A1600_User.obj"
F_SACM_A1600_SendDAC2                                    94CA      "D:\WorkingFolder\Library_Release\SACMV41b_Beta\GPCE063A_Example_V41b\GPCE063A Example Code\A1600\Debug\SACM_A1600_User.obj"
F_SACM_A1600_StartPlay                                   94CB      "D:\WorkingFolder\Library_Release\SACMV41b_Beta\GPCE063A_Example_V41b\GPCE063A Example Code\A1600\Debug\SACM_A1600_User.obj"
F_SACM_A1600_EndPlay                                     94CD      "D:\WorkingFolder\Library_Release\SACMV41b_Beta\GPCE063A_Example_V41b\GPCE063A Example Code\A1600\Debug\SACM_A1600_User.obj"
F_SACM_A1600_Init_                                       9497      "D:\WorkingFolder\Library_Release\SACMV41b_Beta\GPCE063A_Example_V41b\GPCE063A Example Code\A1600\Debug\SACM_A1600_User.obj"
F_SACM_A1600_DAC_Timer_X1                                94BB      "D:\WorkingFolder\Library_Release\SACMV41b_Beta\GPCE063A_Example_V41b\GPCE063A Example Code\A1600\Debug\SACM_A1600_User.obj"
F_SACM_A1600_DAC_Timer_X2                                94C0      "D:\WorkingFolder\Library_Release\SACMV41b_Beta\GPCE063A_Example_V41b\GPCE063A Example Code\A1600\Debug\SACM_A1600_User.obj"
F_SACM_A1600_GetStartAddr_Con                            94F3      "D:\WorkingFolder\Library_Release\SACMV41b_Beta\GPCE063A_Example_V41b\GPCE063A Example Code\A1600\Debug\SACM_A1600_User.obj"
_SPI_Initial                                             8C65      "D:\WorkingFolder\Library_Release\SACMV41b_Beta\GPCE063A_Example_V41b\GPCE063A Example Code\A1600\Debug\SPI_Flash_CE063.obj"
F_SPI_Initial                                            8C65      "D:\WorkingFolder\Library_Release\SACMV41b_Beta\GPCE063A_Example_V41b\GPCE063A Example Code\A1600\Debug\SPI_Flash_CE063.obj"
_SPI_ReadAWord                                           8CAB      "D:\WorkingFolder\Library_Release\SACMV41b_Beta\GPCE063A_Example_V41b\GPCE063A Example Code\A1600\Debug\SPI_Flash_CE063.obj"
F_SPI_ReadAWord                                          8CAF      "D:\WorkingFolder\Library_Release\SACMV41b_Beta\GPCE063A_Example_V41b\GPCE063A Example Code\A1600\Debug\SPI_Flash_CE063.obj"
_SPI_ReadNWords                                          8CE0      "D:\WorkingFolder\Library_Release\SACMV41b_Beta\GPCE063A_Example_V41b\GPCE063A Example Code\A1600\Debug\SPI_Flash_CE063.obj"
F_SPI_ReadNWords                                         8CE6      "D:\WorkingFolder\Library_Release\SACMV41b_Beta\GPCE063A_Example_V41b\GPCE063A Example Code\A1600\Debug\SPI_Flash_CE063.obj"
_SPI_SendAWord                                           8D1A      "D:\WorkingFolder\Library_Release\SACMV41b_Beta\GPCE063A_Example_V41b\GPCE063A Example Code\A1600\Debug\SPI_Flash_CE063.obj"
F_SPI_SendAWord                                          8D1F      "D:\WorkingFolder\Library_Release\SACMV41b_Beta\GPCE063A_Example_V41b\GPCE063A Example Code\A1600\Debug\SPI_Flash_CE063.obj"
_SPI_SendNWords                                          8D51      "D:\WorkingFolder\Library_Release\SACMV41b_Beta\GPCE063A_Example_V41b\GPCE063A Example Code\A1600\Debug\SPI_Flash_CE063.obj"
F_SPI_SendNWords                                         8D57      "D:\WorkingFolder\Library_Release\SACMV41b_Beta\GPCE063A_Example_V41b\GPCE063A Example Code\A1600\Debug\SPI_Flash_CE063.obj"
_Flash_Write_Enable                                      8D9F      "D:\WorkingFolder\Library_Release\SACMV41b_Beta\GPCE063A_Example_V41b\GPCE063A Example Code\A1600\Debug\SPI_Flash_CE063.obj"
F_Flash_Write_Enable                                     8D9F      "D:\WorkingFolder\Library_Release\SACMV41b_Beta\GPCE063A_Example_V41b\GPCE063A Example Code\A1600\Debug\SPI_Flash_CE063.obj"
_Flash_Write_Disable                                     8DB2      "D:\WorkingFolder\Library_Release\SACMV41b_Beta\GPCE063A_Example_V41b\GPCE063A Example Code\A1600\Debug\SPI_Flash_CE063.obj"
F_Flash_Write_Disable                                    8DB2      "D:\WorkingFolder\Library_Release\SACMV41b_Beta\GPCE063A_Example_V41b\GPCE063A Example Code\A1600\Debug\SPI_Flash_CE063.obj"
_SPI_Read_Status_Register                                8DC2      "D:\WorkingFolder\Library_Release\SACMV41b_Beta\GPCE063A_Example_V41b\GPCE063A Example Code\A1600\Debug\SPI_Flash_CE063.obj"
F_SPI_Read_Status_Register                               8DC2      "D:\WorkingFolder\Library_Release\SACMV41b_Beta\GPCE063A_Example_V41b\GPCE063A Example Code\A1600\Debug\SPI_Flash_CE063.obj"
_SPI_Enable_Write_Status_Registe                         8DD5      "D:\WorkingFolder\Library_Release\SACMV41b_Beta\GPCE063A_Example_V41b\GPCE063A Example Code\A1600\Debug\SPI_Flash_CE063.obj"
F_SPI_Enable_Write_Status_Regist                         8DD5      "D:\WorkingFolder\Library_Release\SACMV41b_Beta\GPCE063A_Example_V41b\GPCE063A Example Code\A1600\Debug\SPI_Flash_CE063.obj"
_SPI_Write_Status_Register                               8DE5      "D:\WorkingFolder\Library_Release\SACMV41b_Beta\GPCE063A_Example_V41b\GPCE063A Example Code\A1600\Debug\SPI_Flash_CE063.obj"
F_SPI_Write_Status_Register                              8DE8      "D:\WorkingFolder\Library_Release\SACMV41b_Beta\GPCE063A_Example_V41b\GPCE063A Example Code\A1600\Debug\SPI_Flash_CE063.obj"
_SPI_Flash_Sector_Erase                                  8DFC      "D:\WorkingFolder\Library_Release\SACMV41b_Beta\GPCE063A_Example_V41b\GPCE063A Example Code\A1600\Debug\SPI_Flash_CE063.obj"
F_SPI_Flash_Sector_Erase                                 8DFF      "D:\WorkingFolder\Library_Release\SACMV41b_Beta\GPCE063A_Example_V41b\GPCE063A Example Code\A1600\Debug\SPI_Flash_CE063.obj"
_SPI_Flash_Chip_Erase                                    8E2C      "D:\WorkingFolder\Library_Release\SACMV41b_Beta\GPCE063A_Example_V41b\GPCE063A Example Code\A1600\Debug\SPI_Flash_CE063.obj"
F_SPI_Flash_Chip_Erase                                   8E2C      "D:\WorkingFolder\Library_Release\SACMV41b_Beta\GPCE063A_Example_V41b\GPCE063A Example Code\A1600\Debug\SPI_Flash_CE063.obj"
_SPI_Read_Flash_ID                                       8E47      "D:\WorkingFolder\Library_Release\SACMV41b_Beta\GPCE063A_Example_V41b\GPCE063A Example Code\A1600\Debug\SPI_Flash_CE063.obj"
F_SPI_Read_Flash_ID                                      8E47      "D:\WorkingFolder\Library_Release\SACMV41b_Beta\GPCE063A_Example_V41b\GPCE063A Example Code\A1600\Debug\SPI_Flash_CE063.obj"
__RES_T09_A_A16_sa                                       9595      "D:\WorkingFolder\Library_Release\SACMV41b_Beta\GPCE063A_Example_V41b\GPCE063A Example Code\A1600\Debug\t09_a_a16.res"
__RES_T09_A_A16_ea                                       9E88      "D:\WorkingFolder\Library_Release\SACMV41b_Beta\GPCE063A_Example_V41b\GPCE063A Example Code\A1600\Debug\t09_a_a16.res"
__RES_T09_B_A16_sa                                       9E88      "D:\WorkingFolder\Library_Release\SACMV41b_Beta\GPCE063A_Example_V41b\GPCE063A Example Code\A1600\Debug\t09_b_a16.res"
__RES_T09_B_A16_ea                                       A75B      "D:\WorkingFolder\Library_Release\SACMV41b_Beta\GPCE063A_Example_V41b\GPCE063A Example Code\A1600\Debug\t09_b_a16.res"
__RES_T09_C_A16_sa                                       A75B      "D:\WorkingFolder\Library_Release\SACMV41b_Beta\GPCE063A_Example_V41b\GPCE063A Example Code\A1600\Debug\t09_c_a16.res"
__RES_T09_C_A16_ea                                       AF6E      "D:\WorkingFolder\Library_Release\SACMV41b_Beta\GPCE063A_Example_V41b\GPCE063A Example Code\A1600\Debug\t09_c_a16.res"
***********************************************************************************************************************************************************************************************************************************************************************************************************

***********************************************************************************************************************************************************************************************************************************************************************************************************
*                             S E C T I O N     S U M M A R Y                                                                                                                                                                                                                                             *
***********************************************************************************************************************************************************************************************************************************************************************************************************
*     Section Name                                       Startting Address   Ending Address      Size                                                                                                                                                                                                     *
***********************************************************************************************************************************************************************************************************************************************************************************************************
* "C:\Program Files\Generalplus\unSPIDE 3.0.4\startupcode\startupD.obj"                                                                                                                                                                                                                                   *
*    DEBUG                                               ----                ----                ----                                                                                                                                                                                                     *
*    CODE                                                ----                ----                ----                                                                                                                                                                                                     *
*    DATA                                                ----                ----                ----                                                                                                                                                                                                     *
*    TEXT                                                ----                ----                ----                                                                                                                                                                                                     *
*    IRAM                                                ----                ----                ----                                                                                                                                                                                                     *
*    ISRAM                                               ----                ----                ----                                                                                                                                                                                                     *
*    RAM                                                 ----                ----                ----                                                                                                                                                                                                     *
*    SRAM                                                ----                ----                ----                                                                                                                                                                                                     *
*    ORAM                                                ----                ----                ----                                                                                                                                                                                                     *
*    OSRAM                                               ----                ----                ----                                                                                                                                                                                                     *
*    NB_DATA                                             ----                ----                ----                                                                                                                                                                                                     *
*    CTOR                                                ----                ----                ----                                                                                                                                                                                                     *
*    DTOR                                                ----                ----                ----                                                                                                                                                                                                     *
*    IM                                                  ----                ----                ----                                                                                                                                                                                                     *
*    LINKONCE                                            ----                ----                ----                                                                                                                                                                                                     *
*    VTBL                                                ----                ----                ----                                                                                                                                                                                                     *
*    NB_MERGE                                            ----                ----                ----                                                                                                                                                                                                     *
*    unSP_StartUp(TEXT)                                  8009                8025                1D                                                                                                                                                                                                       *
* "D:\WorkingFolder\Library_Release\SACMV41b_Beta\GPCE063A_Example_V41b\GPCE063A Example Code\A1600\Debug\Resource.obj"
*    DEBUG                                               ----                ----                ----                                                                                                                                                                                                     *
*    CODE                                                ----                ----                ----                                                                                                                                                                                                     *
*    DATA                                                ----                ----                ----                                                                                                                                                                                                     *
*    TEXT                                                8026                8034                F                                                                                                                                                                                                        *
*    IRAM                                                ----                ----                ----                                                                                                                                                                                                     *
*    ISRAM                                               ----                ----                ----                                                                                                                                                                                                     *
*    RAM                                                 ----                ----                ----                                                                                                                                                                                                     *
*    SRAM                                                ----                ----                ----                                                                                                                                                                                                     *
*    ORAM                                                ----                ----                ----                                                                                                                                                                                                     *
*    OSRAM                                               ----                ----                ----                                                                                                                                                                                                     *
*    NB_DATA                                             ----                ----                ----                                                                                                                                                                                                     *
*    CTOR                                                ----                ----                ----                                                                                                                                                                                                     *
*    DTOR                                                ----                ----                ----                                                                                                                                                                                                     *
*    IM                                                  ----                ----                ----                                                                                                                                                                                                     *
*    LINKONCE                                            ----                ----                ----                                                                                                                                                                                                     *
*    VTBL                                                ----                ----                ----                                                                                                                                                                                                     *
*    NB_MERGE                                            ----                ----                ----                                                                                                                                                                                                     *
*    RAM_BANK0                                           ----                ----                ----                                                                                                                                                                                                     *
*    IRAM_BANK0                                          ----                ----                ----                                                                                                                                                                                                     *
*    ORAM_BANK0                                          ----                ----                ----                                                                                                                                                                                                     *
* "D:\WorkingFolder\Library_Release\SACMV41b_Beta\GPCE063A_Example_V41b\GPCE063A Example Code\A1600\Debug\Isr.obj"
*    DEBUG                                               ----                ----                ----                                                                                                                                                                                                     *
*    CODE                                                ----                ----                ----                                                                                                                                                                                                     *
*    DATA                                                ----                ----                ----                                                                                                                                                                                                     *
*    TEXT                                                8035                806C                38                                                                                                                                                                                                       *
*    IRAM                                                ----                ----                ----                                                                                                                                                                                                     *
*    ISRAM                                               ----                ----                ----                                                                                                                                                                                                     *
*    RAM                                                 ----                ----                ----                                                                                                                                                                                                     *
*    SRAM                                                ----                ----                ----                                                                                                                                                                                                     *
*    ORAM                                                ----                ----                ----                                                                                                                                                                                                     *
*    OSRAM                                               ----                ----                ----                                                                                                                                                                                                     *
*    NB_DATA                                             ----                ----                ----                                                                                                                                                                                                     *
*    CTOR                                                ----                ----                ----                                                                                                                                                                                                     *
*    DTOR                                                ----                ----                ----                                                                                                                                                                                                     *
*    IM                                                  ----                ----                ----                                                                                                                                                                                                     *
*    LINKONCE                                            ----                ----                ----                                                                                                                                                                                                     *
*    VTBL                                                ----                ----                ----                                                                                                                                                                                                     *
*    NB_MERGE                                            ----                ----                ----                                                                                                                                                                                                     *
*    RAM_BANK0                                           ----                ----                ----                                                                                                                                                                                                     *
*    IRAM_BANK0                                          ----                ----                ----                                                                                                                                                                                                     *
*    ORAM_BANK0                                          ----                ----                ----                                                                                                                                                                                                     *
* "D:\WorkingFolder\Library_Release\SACMV41b_Beta\GPCE063A_Example_V41b\GPCE063A Example Code\A1600\Debug\main.obj"
*    DEBUG                                               ----                ----                ----                                                                                                                                                                                                     *
*    CODE                                                91B5                92D3                11F                                                                                                                                                                                                      *
*    DATA                                                ----                ----                ----                                                                                                                                                                                                     *
*    TEXT                                                ----                ----                ----                                                                                                                                                                                                     *
*    IRAM                                                958F(1E8)           9594(1ED)           6                                                                                                                                                                                                        *
*    ISRAM                                               ----                ----                ----                                                                                                                                                                                                     *
*    RAM                                                 ----                ----                ----                                                                                                                                                                                                     *
*    SRAM                                                ----                ----                ----                                                                                                                                                                                                     *
*    ORAM                                                ----                ----                ----                                                                                                                                                                                                     *
*    OSRAM                                               ----                ----                ----                                                                                                                                                                                                     *
*    NB_DATA                                             ----                ----                ----                                                                                                                                                                                                     *
*    CTOR                                                ----                ----                ----                                                                                                                                                                                                     *
*    DTOR                                                ----                ----                ----                                                                                                                                                                                                     *
*    IM                                                  ----                ----                ----                                                                                                                                                                                                     *
*    LINKONCE                                            ----                ----                ----                                                                                                                                                                                                     *
*    VTBL                                                ----                ----                ----                                                                                                                                                                                                     *
*    NB_MERGE                                            ----                ----                ----                                                                                                                                                                                                     *
*    RAM_BANK0                                           ----                ----                ----                                                                                                                                                                                                     *
*    IRAM_BANK0                                          ----                ----                ----                                                                                                                                                                                                     *
*    ORAM_BANK0                                          ----                ----                ----                                                                                                                                                                                                     *
* "D:\WorkingFolder\Library_Release\SACMV41b_Beta\GPCE063A_Example_V41b\GPCE063A Example Code\A1600\Debug\System.obj"
*    DEBUG                                               ----                ----                ----                                                                                                                                                                                                     *
*    CODE                                                93D4                9496                C3                                                                                                                                                                                                       *
*    DATA                                                ----                ----                ----                                                                                                                                                                                                     *
*    TEXT                                                ----                ----                ----                                                                                                                                                                                                     *
*    IRAM                                                ----                ----                ----                                                                                                                                                                                                     *
*    ISRAM                                               ----                ----                ----                                                                                                                                                                                                     *
*    RAM                                                 1E0                 1E3                 4                                                                                                                                                                                                        *
*    SRAM                                                ----                ----                ----                                                                                                                                                                                                     *
*    ORAM                                                ----                ----                ----                                                                                                                                                                                                     *
*    OSRAM                                               ----                ----                ----                                                                                                                                                                                                     *
*    NB_DATA                                             ----                ----                ----                                                                                                                                                                                                     *
*    CTOR                                                ----                ----                ----                                                                                                                                                                                                     *
*    DTOR                                                ----                ----                ----                                                                                                                                                                                                     *
*    IM                                                  ----                ----                ----                                                                                                                                                                                                     *
*    LINKONCE                                            ----                ----                ----                                                                                                                                                                                                     *
*    VTBL                                                ----                ----                ----                                                                                                                                                                                                     *
*    NB_MERGE                                            ----                ----                ----                                                                                                                                                                                                     *
*    RAM_BANK0                                           ----                ----                ----                                                                                                                                                                                                     *
*    IRAM_BANK0                                          ----                ----                ----                                                                                                                                                                                                     *
*    ORAM_BANK0                                          ----                ----                ----                                                                                                                                                                                                     *
* "D:\WorkingFolder\Library_Release\SACMV41b_Beta\GPCE063A_Example_V41b\GPCE063A Example Code\A1600\Debug\SACM_A1600_User.obj"
*    DEBUG                                               ----                ----                ----                                                                                                                                                                                                     *
*    CODE                                                9497                9513                7D                                                                                                                                                                                                       *
*    DATA                                                ----                ----                ----                                                                                                                                                                                                     *
*    TEXT                                                806D                807C                10                                                                                                                                                                                                       *
*    IRAM                                                ----                ----                ----                                                                                                                                                                                                     *
*    ISRAM                                               ----                ----                ----                                                                                                                                                                                                     *
*    RAM                                                 1E4                 1E7                 4                                                                                                                                                                                                        *
*    SRAM                                                ----                ----                ----                                                                                                                                                                                                     *
*    ORAM                                                ----                ----                ----                                                                                                                                                                                                     *
*    OSRAM                                               ----                ----                ----                                                                                                                                                                                                     *
*    NB_DATA                                             ----                ----                ----                                                                                                                                                                                                     *
*    CTOR                                                ----                ----                ----                                                                                                                                                                                                     *
*    DTOR                                                ----                ----                ----                                                                                                                                                                                                     *
*    IM                                                  ----                ----                ----                                                                                                                                                                                                     *
*    LINKONCE                                            ----                ----                ----                                                                                                                                                                                                     *
*    VTBL                                                ----                ----                ----                                                                                                                                                                                                     *
*    NB_MERGE                                            ----                ----                ----                                                                                                                                                                                                     *
*    RAM_BANK0                                           ----                ----                ----                                                                                                                                                                                                     *
*    IRAM_BANK0                                          ----                ----                ----                                                                                                                                                                                                     *
*    ORAM_BANK0                                          ----                ----                ----                                                                                                                                                                                                     *
* "D:\WorkingFolder\Library_Release\SACMV41b_Beta\GPCE063A_Example_V41b\GPCE063A Example Code\A1600\Debug\SPI_Flash_CE063.obj"
*    DEBUG                                               ----                ----                ----                                                                                                                                                                                                     *
*    CODE                                                8C65                8E68                204                                                                                                                                                                                                      *
*    DATA                                                ----                ----                ----                                                                                                                                                                                                     *
*    TEXT                                                ----                ----                ----                                                                                                                                                                                                     *
*    IRAM                                                ----                ----                ----                                                                                                                                                                                                     *
*    ISRAM                                               ----                ----                ----                                                                                                                                                                                                     *
*    RAM                                                 ----                ----                ----                                                                                                                                                                                                     *
*    SRAM                                                ----                ----                ----                                                                                                                                                                                                     *
*    ORAM                                                ----                ----                ----                                                                                                                                                                                                     *
*    OSRAM                                               ----                ----                ----                                                                                                                                                                                                     *
*    NB_DATA                                             ----                ----                ----                                                                                                                                                                                                     *
*    CTOR                                                ----                ----                ----                                                                                                                                                                                                     *
*    DTOR                                                ----                ----                ----                                                                                                                                                                                                     *
*    IM                                                  ----                ----                ----                                                                                                                                                                                                     *
*    LINKONCE                                            ----                ----                ----                                                                                                                                                                                                     *
*    VTBL                                                ----                ----                ----                                                                                                                                                                                                     *
*    NB_MERGE                                            ----                ----                ----                                                                                                                                                                                                     *
*    RAM_BANK0                                           ----                ----                ----                                                                                                                                                                                                     *
*    IRAM_BANK0                                          ----                ----                ----                                                                                                                                                                                                     *
*    ORAM_BANK0                                          ----                ----                ----                                                                                                                                                                                                     *
* "D:\WorkingFolder\Library_Release\SACMV41b_Beta\GPCE063A_Example_V41b\GPCE063A Example Code\A1600\Debug\t09_a_a16.res"
*    __sn_section_RES_T09_A_A16(DATA)                    9595                9E87                8F3                                                                                                                                                                                                      *
* "D:\WorkingFolder\Library_Release\SACMV41b_Beta\GPCE063A_Example_V41b\GPCE063A Example Code\A1600\Debug\t09_b_a16.res"
*    __sn_section_RES_T09_B_A16(DATA)                    9E88                A75A                8D3                                                                                                                                                                                                      *
* "D:\WorkingFolder\Library_Release\SACMV41b_Beta\GPCE063A_Example_V41b\GPCE063A Example Code\A1600\Debug\t09_c_a16.res"
*    __sn_section_RES_T09_C_A16(DATA)                    A75B                AF6D                813                                                                                                                                                                                                      *
* "D:\WorkingFolder\Library_Source\SACM_V41b\LibMaker\A1600\SACM_A1600_API"                                                                                                                                                                                                                               *
*    DEBUG                                               ----                ----                ----                                                                                                                                                                                                     *
*    CODE                                                9514                958E                7B                                                                                                                                                                                                       *
*    DATA                                                ----                ----                ----                                                                                                                                                                                                     *
*    TEXT                                                807D                8183                107                                                                                                                                                                                                      *
*    IRAM                                                ----                ----                ----                                                                                                                                                                                                     *
*    ISRAM                                               ----                ----                ----                                                                                                                                                                                                     *
*    RAM                                                 ----                ----                ----                                                                                                                                                                                                     *
*    SRAM                                                ----                ----                ----                                                                                                                                                                                                     *
*    ORAM                                                ----                ----                ----                                                                                                                                                                                                     *
*    OSRAM                                               ----                ----                ----                                                                                                                                                                                                     *
*    NB_DATA                                             ----                ----                ----                                                                                                                                                                                                     *
*    CTOR                                                ----                ----                ----                                                                                                                                                                                                     *
*    DTOR                                                ----                ----                ----                                                                                                                                                                                                     *
*    IM                                                  ----                ----                ----                                                                                                                                                                                                     *
*    LINKONCE                                            ----                ----                ----                                                                                                                                                                                                     *
*    VTBL                                                ----                ----                ----                                                                                                                                                                                                     *
*    NB_MERGE                                            ----                ----                ----                                                                                                                                                                                                     *
*    RAM_BANK0                                           ----                ----                ----                                                                                                                                                                                                     *
*    IRAM_BANK0                                          ----                ----                ----                                                                                                                                                                                                     *
*    ORAM_BANK0                                          ----                ----                ----                                                                                                                                                                                                     *
*    OVERLAP_A1600_API_BLOCK(ORAM)                       1                   17                  17                                                                                                                                                                                                       *
*    SACM_A1600_ROM_BLOCK(CODE)                          9040                91B4                175                                                                                                                                                                                                      *
* "D:\WorkingFolder\Library_Source\SACM_V41b\LibMaker\A1600\SACM_A1600_Decode"                                                                                                                                                                                                                            *
*    DEBUG                                               ----                ----                ----                                                                                                                                                                                                     *
*    CODE                                                ----                ----                ----                                                                                                                                                                                                     *
*    DATA                                                ----                ----                ----                                                                                                                                                                                                     *
*    TEXT                                                ----                ----                ----                                                                                                                                                                                                     *
*    IRAM                                                ----                ----                ----                                                                                                                                                                                                     *
*    ISRAM                                               ----                ----                ----                                                                                                                                                                                                     *
*    RAM                                                 ----                ----                ----                                                                                                                                                                                                     *
*    SRAM                                                ----                ----                ----                                                                                                                                                                                                     *
*    ORAM                                                ----                ----                ----                                                                                                                                                                                                     *
*    OSRAM                                               ----                ----                ----                                                                                                                                                                                                     *
*    NB_DATA                                             ----                ----                ----                                                                                                                                                                                                     *
*    CTOR                                                ----                ----                ----                                                                                                                                                                                                     *
*    DTOR                                                ----                ----                ----                                                                                                                                                                                                     *
*    IM                                                  ----                ----                ----                                                                                                                                                                                                     *
*    LINKONCE                                            ----                ----                ----                                                                                                                                                                                                     *
*    VTBL                                                ----                ----                ----                                                                                                                                                                                                     *
*    NB_MERGE                                            ----                ----                ----                                                                                                                                                                                                     *
*    RAM_BANK0                                           ----                ----                ----                                                                                                                                                                                                     *
*    IRAM_BANK0                                          ----                ----                ----                                                                                                                                                                                                     *
*    ORAM_BANK0                                          ----                ----                ----                                                                                                                                                                                                     *
*    OVERLAP_A1600_RAM_BLOCK(ORAM)                       18                  157                 140                                                                                                                                                                                                      *
*    SACM_A1600_DECODE_ROM_BLOCK(CODE)                   92D4                93D3                100                                                                                                                                                                                                      *
* "D:\SPCB72~1\最新版~3\DE2CF1~1\BACKGR~1\Debug\A1600_~1"                                                                                                                                                                                                                                                 *
*    DEBUG                                               ----                ----                ----                                                                                                                                                                                                     *
*    CODE                                                868E                8C64                5D7                                                                                                                                                                                                      *
*    DATA                                                ----                ----                ----                                                                                                                                                                                                     *
*    TEXT                                                8184                8603                480                                                                                                                                                                                                      *
*    IRAM                                                ----                ----                ----                                                                                                                                                                                                     *
*    ISRAM                                               ----                ----                ----                                                                                                                                                                                                     *
*    RAM                                                 ----                ----                ----                                                                                                                                                                                                     *
*    SRAM                                                ----                ----                ----                                                                                                                                                                                                     *
*    ORAM                                                ----                ----                ----                                                                                                                                                                                                     *
*    OSRAM                                               ----                ----                ----                                                                                                                                                                                                     *
*    NB_DATA                                             ----                ----                ----                                                                                                                                                                                                     *
*    OVERLAP_A1600_DM_BLOCKL(ORAM)                       158                 1DF                 88                                                                                                                                                                                                       *
* "D:\SPCB72~1\最新版~3\DE2CF1~1\BACKGR~1\Debug\fft64"                                                                                                                                                                                                                                                    *
*    DEBUG                                               ----                ----                ----                                                                                                                                                                                                     *
*    CODE                                                8E69                903F                1D7                                                                                                                                                                                                      *
*    DATA                                                ----                ----                ----                                                                                                                                                                                                     *
*    TEXT                                                8604                868D                8A                                                                                                                                                                                                       *
*    IRAM                                                ----                ----                ----                                                                                                                                                                                                     *
*    ISRAM                                               ----                ----                ----                                                                                                                                                                                                     *
*    RAM                                                 ----                ----                ----                                                                                                                                                                                                     *
*    SRAM                                                ----                ----                ----                                                                                                                                                                                                     *
*    ORAM                                                ----                ----                ----                                                                                                                                                                                                     *
*    OSRAM                                               ----                ----                ----                                                                                                                                                                                                     *
*    NB_DATA                                             ----                ----                ----                                                                                                                                                                                                     *
* "Init Table"                                           8000                8008                9                                                                                                                                                                                                        *
***********************************************************************************************************************************************************************************************************************************************************************************************************

***********************************************************************************************************************************************************************************************************************************************************************************************************
*                             M E M O R Y     S U M M A R Y                                                                                                                                                                                                                                               *
***********************************************************************************************************************************************************************************************************************************************************************************************************
*     Type                          Total               Using        Remain                                                                                                                                                                                                                               *
***********************************************************************************************************************************************************************************************************************************************************************************************************
* "SRam/OSRam/ISRam"                40                   0            40                                                                                                                                                                                                                                  *
* "Ram"                             800                  1EE          612                                                                                                                                                                                                                                 *
* "First Bank Rom"                  7C00                 2F6E         4C92                                                                                                                                                                                                                                *
* "Other Banks Rom"                 0                    0            0                                                                                                                                                                                                                                   *
***********************************************************************************************************************************************************************************************************************************************************************************************************

Linker Output Filename : D:\WorkingFolder\Library_Release\SACMV41b_Beta\GPCE063A_Example_V41b\GPCE063A Example Code\A1600\Debug\SACM_A1600.TSK
Disk  Mapping Filename : D:\WorkingFolder\Library_Release\SACMV41b_Beta\GPCE063A_Example_V41b\GPCE063A Example Code\A1600\Debug\SACM_A1600.map
Symbol  Table FileName : D:\WorkingFolder\Library_Release\SACMV41b_Beta\GPCE063A_Example_V41b\GPCE063A Example Code\A1600\Debug\SACM_A1600.sym
Format :                 Microtek

Linker Errors :          0
Output Format :          TSK
